Archive member included to satisfy reference by file (symbol)

.\CortexM0\ARM_GCC_541\Debug\LW01.a(CyLib.o)
                              .\CortexM0\ARM_GCC_541\Debug\cyfitter_cfg.o (CyIntEnable)
.\CortexM0\ARM_GCC_541\Debug\LW01.a(CyLFClk.o)
                              .\CortexM0\ARM_GCC_541\Debug\cyfitter_cfg.o (CySysWdtIsr)
.\CortexM0\ARM_GCC_541\Debug\LW01.a(LED_R.o)
                              .\CortexM0\ARM_GCC_541\Debug\main.o (LED_R_Write)
.\CortexM0\ARM_GCC_541\Debug\LW01.a(SW_Tx_UART.o)
                              .\CortexM0\ARM_GCC_541\Debug\main.o (SW_Tx_UART_Start)
.\CortexM0\ARM_GCC_541\Debug\LW01.a(LED_G.o)
                              .\CortexM0\ARM_GCC_541\Debug\main.o (LED_G_Write)
.\CortexM0\ARM_GCC_541\Debug\LW01.a(LED_B.o)
                              .\CortexM0\ARM_GCC_541\Debug\main.o (LED_B_Write)
.\CortexM0\ARM_GCC_541\Debug\LW01.a(ROW_0.o)
                              .\CortexM0\ARM_GCC_541\Debug\main.o (ROW_0_Read)
.\CortexM0\ARM_GCC_541\Debug\LW01.a(ROW_1.o)
                              .\CortexM0\ARM_GCC_541\Debug\main.o (ROW_1_Read)
.\CortexM0\ARM_GCC_541\Debug\LW01.a(ROW_2.o)
                              .\CortexM0\ARM_GCC_541\Debug\main.o (ROW_2_Read)
.\CortexM0\ARM_GCC_541\Debug\LW01.a(ROW_3.o)
                              .\CortexM0\ARM_GCC_541\Debug\main.o (ROW_3_Read)
.\CortexM0\ARM_GCC_541\Debug\LW01.a(COLUMN_0.o)
                              .\CortexM0\ARM_GCC_541\Debug\main.o (COLUMN_0_SetDriveMode)
.\CortexM0\ARM_GCC_541\Debug\LW01.a(COLUMN_1.o)
                              .\CortexM0\ARM_GCC_541\Debug\main.o (COLUMN_1_SetDriveMode)
.\CortexM0\ARM_GCC_541\Debug\LW01.a(COLUMN_2.o)
                              .\CortexM0\ARM_GCC_541\Debug\main.o (COLUMN_2_SetDriveMode)
.\CortexM0\ARM_GCC_541\Debug\LW01.a(Pin_Latch.o)
                              .\CortexM0\ARM_GCC_541\Debug\main.o (Pin_Latch_Write)
.\CortexM0\ARM_GCC_541\Debug\LW01.a(Pin_CLK.o)
                              .\CortexM0\ARM_GCC_541\Debug\main.o (Pin_CLK_Write)
.\CortexM0\ARM_GCC_541\Debug\LW01.a(Pin_DO.o)
                              .\CortexM0\ARM_GCC_541\Debug\main.o (Pin_DO_Write)
.\CortexM0\ARM_GCC_541\Debug\LW01.a(CyBootAsmGnu.o)
                              .\CortexM0\ARM_GCC_541\Debug\LW01.a(CyLib.o) (CyDelayCycles)
.\CortexM0\ARM_GCC_541\Debug\LW01.a(SW_Tx_UART_AsmGnu.o)
                              .\CortexM0\ARM_GCC_541\Debug\LW01.a(SW_Tx_UART.o) (SW_Tx_UART_PutChar)
c:/program files (x86)/cypress/psoc creator/4.4/psoc creator/import/gnu/arm/5.4.1/bin/../lib/gcc/arm-none-eabi/5.4.1/armv6-m\libgcc.a(_udivsi3.o)
                              .\CortexM0\ARM_GCC_541\Debug\LW01.a(CyLib.o) (__aeabi_uidiv)
c:/program files (x86)/cypress/psoc creator/4.4/psoc creator/import/gnu/arm/5.4.1/bin/../lib/gcc/arm-none-eabi/5.4.1/armv6-m\libgcc.a(_dvmd_tls.o)
                              c:/program files (x86)/cypress/psoc creator/4.4/psoc creator/import/gnu/arm/5.4.1/bin/../lib/gcc/arm-none-eabi/5.4.1/armv6-m\libgcc.a(_udivsi3.o) (__aeabi_idiv0)
c:/program files (x86)/cypress/psoc creator/4.4/psoc creator/import/gnu/arm/5.4.1/bin/../lib/gcc/arm-none-eabi/5.4.1/../../../../arm-none-eabi/lib/armv6-m\libg_nano.a(lib_a-errno.o)
                              .\CortexM0\ARM_GCC_541\Debug\Cm0Start.o (__errno)
c:/program files (x86)/cypress/psoc creator/4.4/psoc creator/import/gnu/arm/5.4.1/bin/../lib/gcc/arm-none-eabi/5.4.1/../../../../arm-none-eabi/lib/armv6-m\libg_nano.a(lib_a-exit.o)
                              c:/program files (x86)/cypress/psoc creator/4.4/psoc creator/import/gnu/arm/5.4.1/bin/../lib/gcc/arm-none-eabi/5.4.1/../../../../arm-none-eabi/lib/armv6-m/crt0.o (exit)
c:/program files (x86)/cypress/psoc creator/4.4/psoc creator/import/gnu/arm/5.4.1/bin/../lib/gcc/arm-none-eabi/5.4.1/../../../../arm-none-eabi/lib/armv6-m\libg_nano.a(lib_a-impure.o)
                              c:/program files (x86)/cypress/psoc creator/4.4/psoc creator/import/gnu/arm/5.4.1/bin/../lib/gcc/arm-none-eabi/5.4.1/../../../../arm-none-eabi/lib/armv6-m\libg_nano.a(lib_a-exit.o) (_global_impure_ptr)
c:/program files (x86)/cypress/psoc creator/4.4/psoc creator/import/gnu/arm/5.4.1/bin/../lib/gcc/arm-none-eabi/5.4.1/../../../../arm-none-eabi/lib/armv6-m\libg_nano.a(lib_a-init.o)
                              c:/program files (x86)/cypress/psoc creator/4.4/psoc creator/import/gnu/arm/5.4.1/bin/../lib/gcc/arm-none-eabi/5.4.1/../../../../arm-none-eabi/lib/armv6-m/crt0.o (__libc_init_array)
c:/program files (x86)/cypress/psoc creator/4.4/psoc creator/import/gnu/arm/5.4.1/bin/../lib/gcc/arm-none-eabi/5.4.1/../../../../arm-none-eabi/lib/armv6-m\libg_nano.a(lib_a-memset.o)
                              c:/program files (x86)/cypress/psoc creator/4.4/psoc creator/import/gnu/arm/5.4.1/bin/../lib/gcc/arm-none-eabi/5.4.1/../../../../arm-none-eabi/lib/armv6-m/crt0.o (memset)

Discarded input sections

 .text          0x00000000        0x0 c:/program files (x86)/cypress/psoc creator/4.4/psoc creator/import/gnu/arm/5.4.1/bin/../lib/gcc/arm-none-eabi/5.4.1/armv6-m/crti.o
 .data          0x00000000        0x0 c:/program files (x86)/cypress/psoc creator/4.4/psoc creator/import/gnu/arm/5.4.1/bin/../lib/gcc/arm-none-eabi/5.4.1/armv6-m/crti.o
 .bss           0x00000000        0x0 c:/program files (x86)/cypress/psoc creator/4.4/psoc creator/import/gnu/arm/5.4.1/bin/../lib/gcc/arm-none-eabi/5.4.1/armv6-m/crti.o
 .data          0x00000000        0x4 c:/program files (x86)/cypress/psoc creator/4.4/psoc creator/import/gnu/arm/5.4.1/bin/../lib/gcc/arm-none-eabi/5.4.1/armv6-m/crtbegin.o
 .text          0x00000000       0x78 c:/program files (x86)/cypress/psoc creator/4.4/psoc creator/import/gnu/arm/5.4.1/bin/../lib/gcc/arm-none-eabi/5.4.1/../../../../arm-none-eabi/lib/armv6-m/crt0.o
 .data          0x00000000        0x0 c:/program files (x86)/cypress/psoc creator/4.4/psoc creator/import/gnu/arm/5.4.1/bin/../lib/gcc/arm-none-eabi/5.4.1/../../../../arm-none-eabi/lib/armv6-m/crt0.o
 .bss           0x00000000        0x0 c:/program files (x86)/cypress/psoc creator/4.4/psoc creator/import/gnu/arm/5.4.1/bin/../lib/gcc/arm-none-eabi/5.4.1/../../../../arm-none-eabi/lib/armv6-m/crt0.o
 .ARM.extab     0x00000000        0x0 c:/program files (x86)/cypress/psoc creator/4.4/psoc creator/import/gnu/arm/5.4.1/bin/../lib/gcc/arm-none-eabi/5.4.1/../../../../arm-none-eabi/lib/armv6-m/crt0.o
 .ARM.exidx     0x00000000        0x8 c:/program files (x86)/cypress/psoc creator/4.4/psoc creator/import/gnu/arm/5.4.1/bin/../lib/gcc/arm-none-eabi/5.4.1/../../../../arm-none-eabi/lib/armv6-m/crt0.o
 .text          0x00000000        0x0 .\CortexM0\ARM_GCC_541\Debug\main.o
 .text          0x00000000        0x0 .\CortexM0\ARM_GCC_541\Debug\cyfitter_cfg.o
 .data          0x00000000        0x0 .\CortexM0\ARM_GCC_541\Debug\cyfitter_cfg.o
 .bss           0x00000000        0x0 .\CortexM0\ARM_GCC_541\Debug\cyfitter_cfg.o
 .text          0x00000000        0x0 .\CortexM0\ARM_GCC_541\Debug\cymetadata.o
 .data          0x00000000        0x0 .\CortexM0\ARM_GCC_541\Debug\cymetadata.o
 .bss           0x00000000        0x0 .\CortexM0\ARM_GCC_541\Debug\cymetadata.o
 .text          0x00000000        0x0 .\CortexM0\ARM_GCC_541\Debug\Cm0Start.o
 .data          0x00000000        0x4 .\CortexM0\ARM_GCC_541\Debug\Cm0Start.o
 .bss           0x00000000        0x0 .\CortexM0\ARM_GCC_541\Debug\Cm0Start.o
 .text._exit    0x00000000        0xc .\CortexM0\ARM_GCC_541\Debug\Cm0Start.o
 .text._sbrk    0x00000000       0x30 .\CortexM0\ARM_GCC_541\Debug\Cm0Start.o
 .text          0x00000000        0x0 .\CortexM0\ARM_GCC_541\Debug\LW01.a(CyLib.o)
 .bss           0x00000000       0x18 .\CortexM0\ARM_GCC_541\Debug\LW01.a(CyLib.o)
 .text.CySysClkImoStart
                0x00000000       0x14 .\CortexM0\ARM_GCC_541\Debug\LW01.a(CyLib.o)
 .text.CySysClkImoStop
                0x00000000       0x10 .\CortexM0\ARM_GCC_541\Debug\LW01.a(CyLib.o)
 .text.CySysClkWriteHfclkDirect
                0x00000000       0x20 .\CortexM0\ARM_GCC_541\Debug\LW01.a(CyLib.o)
 .text.CySysEnablePumpClock
                0x00000000       0x38 .\CortexM0\ARM_GCC_541\Debug\LW01.a(CyLib.o)
 .text.CySysClkGetSysclkSource
                0x00000000       0x1c .\CortexM0\ARM_GCC_541\Debug\LW01.a(CyLib.o)
 .text.CySysClkWriteSysclkDiv
                0x00000000       0x30 .\CortexM0\ARM_GCC_541\Debug\LW01.a(CyLib.o)
 .text.CySysLvdDisable
                0x00000000       0x20 .\CortexM0\ARM_GCC_541\Debug\LW01.a(CyLib.o)
 .text.CySysLvdGetInterruptSource
                0x00000000       0x10 .\CortexM0\ARM_GCC_541\Debug\LW01.a(CyLib.o)
 .text.CySysLvdClearInterrupt
                0x00000000        0xc .\CortexM0\ARM_GCC_541\Debug\LW01.a(CyLib.o)
 .text.CySysGetResetReason
                0x00000000       0x14 .\CortexM0\ARM_GCC_541\Debug\LW01.a(CyLib.o)
 .text.CyDisableInts
                0x00000000       0x10 .\CortexM0\ARM_GCC_541\Debug\LW01.a(CyLib.o)
 .text.CyEnableInts
                0x00000000        0xc .\CortexM0\ARM_GCC_541\Debug\LW01.a(CyLib.o)
 .text.CyIntGetState
                0x00000000       0x18 .\CortexM0\ARM_GCC_541\Debug\LW01.a(CyLib.o)
 .text.CyIntDisable
                0x00000000       0x14 .\CortexM0\ARM_GCC_541\Debug\LW01.a(CyLib.o)
 .text.CyIntSetPending
                0x00000000       0x14 .\CortexM0\ARM_GCC_541\Debug\LW01.a(CyLib.o)
 .text.CyIntClearPending
                0x00000000       0x14 .\CortexM0\ARM_GCC_541\Debug\LW01.a(CyLib.o)
 .text.CyIntSetSysVector
                0x00000000       0x20 .\CortexM0\ARM_GCC_541\Debug\LW01.a(CyLib.o)
 .text.CyIntGetSysVector
                0x00000000       0x1c .\CortexM0\ARM_GCC_541\Debug\LW01.a(CyLib.o)
 .text.CyIntGetVector
                0x00000000       0x20 .\CortexM0\ARM_GCC_541\Debug\LW01.a(CyLib.o)
 .text.CyIntSetPriority
                0x00000000       0x4c .\CortexM0\ARM_GCC_541\Debug\LW01.a(CyLib.o)
 .text.CyIntGetPriority
                0x00000000       0x2c .\CortexM0\ARM_GCC_541\Debug\LW01.a(CyLib.o)
 .text.CySoftwareReset
                0x00000000       0x18 .\CortexM0\ARM_GCC_541\Debug\LW01.a(CyLib.o)
 .text.CySysLvdEnable
                0x00000000       0x44 .\CortexM0\ARM_GCC_541\Debug\LW01.a(CyLib.o)
 .text.CyDelayFreq
                0x00000000       0x4c .\CortexM0\ARM_GCC_541\Debug\LW01.a(CyLib.o)
 .text.CySysTickStop
                0x00000000       0x10 .\CortexM0\ARM_GCC_541\Debug\LW01.a(CyLib.o)
 .text.CySysTickEnableInterrupt
                0x00000000       0x10 .\CortexM0\ARM_GCC_541\Debug\LW01.a(CyLib.o)
 .text.CySysTickEnable
                0x00000000       0x18 .\CortexM0\ARM_GCC_541\Debug\LW01.a(CyLib.o)
 .text.CySysTickDisableInterrupt
                0x00000000       0x10 .\CortexM0\ARM_GCC_541\Debug\LW01.a(CyLib.o)
 .text.CySysTickSetReload
                0x00000000       0x10 .\CortexM0\ARM_GCC_541\Debug\LW01.a(CyLib.o)
 .text.CySysTickGetReload
                0x00000000       0x10 .\CortexM0\ARM_GCC_541\Debug\LW01.a(CyLib.o)
 .text.CySysTickGetValue
                0x00000000       0x10 .\CortexM0\ARM_GCC_541\Debug\LW01.a(CyLib.o)
 .text.CySysTickGetCountFlag
                0x00000000       0x10 .\CortexM0\ARM_GCC_541\Debug\LW01.a(CyLib.o)
 .text.CySysTickServiceCallbacks
                0x00000000       0x28 .\CortexM0\ARM_GCC_541\Debug\LW01.a(CyLib.o)
 .text.CySysTickClear
                0x00000000        0xc .\CortexM0\ARM_GCC_541\Debug\LW01.a(CyLib.o)
 .text.CySysTickInit
                0x00000000       0x40 .\CortexM0\ARM_GCC_541\Debug\LW01.a(CyLib.o)
 .text.CySysTickStart
                0x00000000       0x20 .\CortexM0\ARM_GCC_541\Debug\LW01.a(CyLib.o)
 .text.CySysTickSetCallback
                0x00000000       0x10 .\CortexM0\ARM_GCC_541\Debug\LW01.a(CyLib.o)
 .text.CySysTickGetCallback
                0x00000000        0xc .\CortexM0\ARM_GCC_541\Debug\LW01.a(CyLib.o)
 .text.CyGetUniqueId
                0x00000000       0x70 .\CortexM0\ARM_GCC_541\Debug\LW01.a(CyLib.o)
 .text          0x00000000        0x0 .\CortexM0\ARM_GCC_541\Debug\LW01.a(CyLFClk.o)
 .text.CySysClkIloEnabled
                0x00000000       0x14 .\CortexM0\ARM_GCC_541\Debug\LW01.a(CyLFClk.o)
 .text.CySysClkIloStart
                0x00000000       0x14 .\CortexM0\ARM_GCC_541\Debug\LW01.a(CyLFClk.o)
 .text.CySysClkIloStartMeasurement
                0x00000000       0x34 .\CortexM0\ARM_GCC_541\Debug\LW01.a(CyLFClk.o)
 .text.CySysClkIloStopMeasurement
                0x00000000       0x14 .\CortexM0\ARM_GCC_541\Debug\LW01.a(CyLFClk.o)
 .text.CySysClkIloCompensate
                0x00000000      0x104 .\CortexM0\ARM_GCC_541\Debug\LW01.a(CyLFClk.o)
 .text.CySysWdtGetEnabledStatus
                0x00000000       0x24 .\CortexM0\ARM_GCC_541\Debug\LW01.a(CyLFClk.o)
 .text.CySysWdtSetMode
                0x00000000       0x38 .\CortexM0\ARM_GCC_541\Debug\LW01.a(CyLFClk.o)
 .text.CySysClkLfclkPosedgeRestore
                0x00000000       0x2c .\CortexM0\ARM_GCC_541\Debug\LW01.a(CyLFClk.o)
 .text.CySysWdtGetMode
                0x00000000       0x14 .\CortexM0\ARM_GCC_541\Debug\LW01.a(CyLFClk.o)
 .text.CySysWdtSetClearOnMatch
                0x00000000       0x34 .\CortexM0\ARM_GCC_541\Debug\LW01.a(CyLFClk.o)
 .text.CySysWdtGetClearOnMatch
                0x00000000       0x24 .\CortexM0\ARM_GCC_541\Debug\LW01.a(CyLFClk.o)
 .text.CySysWdtEnable
                0x00000000       0x40 .\CortexM0\ARM_GCC_541\Debug\LW01.a(CyLFClk.o)
 .text.CySysWdtDisable
                0x00000000       0x44 .\CortexM0\ARM_GCC_541\Debug\LW01.a(CyLFClk.o)
 .text.CySysWdtSetCascade
                0x00000000       0x34 .\CortexM0\ARM_GCC_541\Debug\LW01.a(CyLFClk.o)
 .text.CySysWdtGetCascade
                0x00000000       0x14 .\CortexM0\ARM_GCC_541\Debug\LW01.a(CyLFClk.o)
 .text.CySysWdtSetMatch
                0x00000000       0x38 .\CortexM0\ARM_GCC_541\Debug\LW01.a(CyLFClk.o)
 .text.CySysWdtSetToggleBit
                0x00000000       0x30 .\CortexM0\ARM_GCC_541\Debug\LW01.a(CyLFClk.o)
 .text.CySysWdtGetToggleBit
                0x00000000       0x10 .\CortexM0\ARM_GCC_541\Debug\LW01.a(CyLFClk.o)
 .text.CySysWdtGetMatch
                0x00000000       0x20 .\CortexM0\ARM_GCC_541\Debug\LW01.a(CyLFClk.o)
 .text.CySysWdtGetCount
                0x00000000       0x3c .\CortexM0\ARM_GCC_541\Debug\LW01.a(CyLFClk.o)
 .text.CySysClkLfclkPosedgeCatch
                0x00000000       0x74 .\CortexM0\ARM_GCC_541\Debug\LW01.a(CyLFClk.o)
 .text.CySysClkIloStop
                0x00000000       0x38 .\CortexM0\ARM_GCC_541\Debug\LW01.a(CyLFClk.o)
 .text.CySysWdtGetInterruptSource
                0x00000000       0x14 .\CortexM0\ARM_GCC_541\Debug\LW01.a(CyLFClk.o)
 .text.CySysWdtResetCounters
                0x00000000       0x20 .\CortexM0\ARM_GCC_541\Debug\LW01.a(CyLFClk.o)
 .text.CySysWdtSetInterruptCallback
                0x00000000       0x20 .\CortexM0\ARM_GCC_541\Debug\LW01.a(CyLFClk.o)
 .text.CySysWdtGetInterruptCallback
                0x00000000       0x20 .\CortexM0\ARM_GCC_541\Debug\LW01.a(CyLFClk.o)
 .text.CySysWdtEnableCounterIsr
                0x00000000       0x34 .\CortexM0\ARM_GCC_541\Debug\LW01.a(CyLFClk.o)
 .text.CySysWdtDisableCounterIsr
                0x00000000       0x28 .\CortexM0\ARM_GCC_541\Debug\LW01.a(CyLFClk.o)
 .text.CySysWatchdogFeed
                0x00000000       0x60 .\CortexM0\ARM_GCC_541\Debug\LW01.a(CyLFClk.o)
 .text.CySysTimerDelayUntilMatch
                0x00000000       0x6c .\CortexM0\ARM_GCC_541\Debug\LW01.a(CyLFClk.o)
 .text.CySysTimerDelay
                0x00000000       0x3c .\CortexM0\ARM_GCC_541\Debug\LW01.a(CyLFClk.o)
 .rodata        0x00000000        0xc .\CortexM0\ARM_GCC_541\Debug\LW01.a(CyLFClk.o)
 .text          0x00000000        0x0 .\CortexM0\ARM_GCC_541\Debug\LW01.a(LED_R.o)
 .data          0x00000000        0x0 .\CortexM0\ARM_GCC_541\Debug\LW01.a(LED_R.o)
 .bss           0x00000000        0x0 .\CortexM0\ARM_GCC_541\Debug\LW01.a(LED_R.o)
 .text.LED_R_SetDriveMode
                0x00000000       0x18 .\CortexM0\ARM_GCC_541\Debug\LW01.a(LED_R.o)
 .text.LED_R_Read
                0x00000000       0x10 .\CortexM0\ARM_GCC_541\Debug\LW01.a(LED_R.o)
 .text.LED_R_ReadDataReg
                0x00000000       0x10 .\CortexM0\ARM_GCC_541\Debug\LW01.a(LED_R.o)
 .text.LED_R_SetInterruptMode
                0x00000000       0x14 .\CortexM0\ARM_GCC_541\Debug\LW01.a(LED_R.o)
 .text.LED_R_ClearInterrupt
                0x00000000       0x14 .\CortexM0\ARM_GCC_541\Debug\LW01.a(LED_R.o)
 .text          0x00000000        0x0 .\CortexM0\ARM_GCC_541\Debug\LW01.a(SW_Tx_UART.o)
 .bss           0x00000000        0x0 .\CortexM0\ARM_GCC_541\Debug\LW01.a(SW_Tx_UART.o)
 .text.SW_Tx_UART_Stop
                0x00000000        0x4 .\CortexM0\ARM_GCC_541\Debug\LW01.a(SW_Tx_UART.o)
 .text.SW_Tx_UART_PutArray
                0x00000000       0x18 .\CortexM0\ARM_GCC_541\Debug\LW01.a(SW_Tx_UART.o)
 .text.SW_Tx_UART_PutHexByte
                0x00000000       0x20 .\CortexM0\ARM_GCC_541\Debug\LW01.a(SW_Tx_UART.o)
 .text.SW_Tx_UART_PutHexInt
                0x00000000       0x14 .\CortexM0\ARM_GCC_541\Debug\LW01.a(SW_Tx_UART.o)
 .rodata        0x00000000       0x11 .\CortexM0\ARM_GCC_541\Debug\LW01.a(SW_Tx_UART.o)
 .text          0x00000000        0x0 .\CortexM0\ARM_GCC_541\Debug\LW01.a(LED_G.o)
 .data          0x00000000        0x0 .\CortexM0\ARM_GCC_541\Debug\LW01.a(LED_G.o)
 .bss           0x00000000        0x0 .\CortexM0\ARM_GCC_541\Debug\LW01.a(LED_G.o)
 .text.LED_G_SetDriveMode
                0x00000000       0x18 .\CortexM0\ARM_GCC_541\Debug\LW01.a(LED_G.o)
 .text.LED_G_Read
                0x00000000       0x10 .\CortexM0\ARM_GCC_541\Debug\LW01.a(LED_G.o)
 .text.LED_G_ReadDataReg
                0x00000000       0x10 .\CortexM0\ARM_GCC_541\Debug\LW01.a(LED_G.o)
 .text.LED_G_SetInterruptMode
                0x00000000       0x14 .\CortexM0\ARM_GCC_541\Debug\LW01.a(LED_G.o)
 .text.LED_G_ClearInterrupt
                0x00000000       0x14 .\CortexM0\ARM_GCC_541\Debug\LW01.a(LED_G.o)
 .text          0x00000000        0x0 .\CortexM0\ARM_GCC_541\Debug\LW01.a(LED_B.o)
 .data          0x00000000        0x0 .\CortexM0\ARM_GCC_541\Debug\LW01.a(LED_B.o)
 .bss           0x00000000        0x0 .\CortexM0\ARM_GCC_541\Debug\LW01.a(LED_B.o)
 .text.LED_B_SetDriveMode
                0x00000000       0x18 .\CortexM0\ARM_GCC_541\Debug\LW01.a(LED_B.o)
 .text.LED_B_Read
                0x00000000       0x10 .\CortexM0\ARM_GCC_541\Debug\LW01.a(LED_B.o)
 .text.LED_B_ReadDataReg
                0x00000000       0x10 .\CortexM0\ARM_GCC_541\Debug\LW01.a(LED_B.o)
 .text.LED_B_SetInterruptMode
                0x00000000       0x14 .\CortexM0\ARM_GCC_541\Debug\LW01.a(LED_B.o)
 .text.LED_B_ClearInterrupt
                0x00000000       0x14 .\CortexM0\ARM_GCC_541\Debug\LW01.a(LED_B.o)
 .text          0x00000000        0x0 .\CortexM0\ARM_GCC_541\Debug\LW01.a(ROW_0.o)
 .data          0x00000000        0x0 .\CortexM0\ARM_GCC_541\Debug\LW01.a(ROW_0.o)
 .bss           0x00000000        0x0 .\CortexM0\ARM_GCC_541\Debug\LW01.a(ROW_0.o)
 .text.ROW_0_SetDriveMode
                0x00000000       0x14 .\CortexM0\ARM_GCC_541\Debug\LW01.a(ROW_0.o)
 .text.ROW_0_Write
                0x00000000       0x18 .\CortexM0\ARM_GCC_541\Debug\LW01.a(ROW_0.o)
 .text.ROW_0_ReadDataReg
                0x00000000       0x10 .\CortexM0\ARM_GCC_541\Debug\LW01.a(ROW_0.o)
 .text.ROW_0_SetInterruptMode
                0x00000000       0x14 .\CortexM0\ARM_GCC_541\Debug\LW01.a(ROW_0.o)
 .text.ROW_0_ClearInterrupt
                0x00000000       0x14 .\CortexM0\ARM_GCC_541\Debug\LW01.a(ROW_0.o)
 .text          0x00000000        0x0 .\CortexM0\ARM_GCC_541\Debug\LW01.a(ROW_1.o)
 .data          0x00000000        0x0 .\CortexM0\ARM_GCC_541\Debug\LW01.a(ROW_1.o)
 .bss           0x00000000        0x0 .\CortexM0\ARM_GCC_541\Debug\LW01.a(ROW_1.o)
 .text.ROW_1_SetDriveMode
                0x00000000       0x18 .\CortexM0\ARM_GCC_541\Debug\LW01.a(ROW_1.o)
 .text.ROW_1_Write
                0x00000000       0x18 .\CortexM0\ARM_GCC_541\Debug\LW01.a(ROW_1.o)
 .text.ROW_1_ReadDataReg
                0x00000000       0x10 .\CortexM0\ARM_GCC_541\Debug\LW01.a(ROW_1.o)
 .text.ROW_1_SetInterruptMode
                0x00000000       0x14 .\CortexM0\ARM_GCC_541\Debug\LW01.a(ROW_1.o)
 .text.ROW_1_ClearInterrupt
                0x00000000       0x14 .\CortexM0\ARM_GCC_541\Debug\LW01.a(ROW_1.o)
 .text          0x00000000        0x0 .\CortexM0\ARM_GCC_541\Debug\LW01.a(ROW_2.o)
 .data          0x00000000        0x0 .\CortexM0\ARM_GCC_541\Debug\LW01.a(ROW_2.o)
 .bss           0x00000000        0x0 .\CortexM0\ARM_GCC_541\Debug\LW01.a(ROW_2.o)
 .text.ROW_2_SetDriveMode
                0x00000000       0x18 .\CortexM0\ARM_GCC_541\Debug\LW01.a(ROW_2.o)
 .text.ROW_2_Write
                0x00000000       0x18 .\CortexM0\ARM_GCC_541\Debug\LW01.a(ROW_2.o)
 .text.ROW_2_ReadDataReg
                0x00000000       0x10 .\CortexM0\ARM_GCC_541\Debug\LW01.a(ROW_2.o)
 .text.ROW_2_SetInterruptMode
                0x00000000       0x14 .\CortexM0\ARM_GCC_541\Debug\LW01.a(ROW_2.o)
 .text.ROW_2_ClearInterrupt
                0x00000000       0x14 .\CortexM0\ARM_GCC_541\Debug\LW01.a(ROW_2.o)
 .text          0x00000000        0x0 .\CortexM0\ARM_GCC_541\Debug\LW01.a(ROW_3.o)
 .data          0x00000000        0x0 .\CortexM0\ARM_GCC_541\Debug\LW01.a(ROW_3.o)
 .bss           0x00000000        0x0 .\CortexM0\ARM_GCC_541\Debug\LW01.a(ROW_3.o)
 .text.ROW_3_SetDriveMode
                0x00000000       0x18 .\CortexM0\ARM_GCC_541\Debug\LW01.a(ROW_3.o)
 .text.ROW_3_Write
                0x00000000       0x18 .\CortexM0\ARM_GCC_541\Debug\LW01.a(ROW_3.o)
 .text.ROW_3_ReadDataReg
                0x00000000       0x10 .\CortexM0\ARM_GCC_541\Debug\LW01.a(ROW_3.o)
 .text.ROW_3_SetInterruptMode
                0x00000000       0x14 .\CortexM0\ARM_GCC_541\Debug\LW01.a(ROW_3.o)
 .text.ROW_3_ClearInterrupt
                0x00000000       0x14 .\CortexM0\ARM_GCC_541\Debug\LW01.a(ROW_3.o)
 .text          0x00000000        0x0 .\CortexM0\ARM_GCC_541\Debug\LW01.a(COLUMN_0.o)
 .data          0x00000000        0x0 .\CortexM0\ARM_GCC_541\Debug\LW01.a(COLUMN_0.o)
 .bss           0x00000000        0x0 .\CortexM0\ARM_GCC_541\Debug\LW01.a(COLUMN_0.o)
 .text.COLUMN_0_Read
                0x00000000       0x10 .\CortexM0\ARM_GCC_541\Debug\LW01.a(COLUMN_0.o)
 .text.COLUMN_0_ReadDataReg
                0x00000000       0x10 .\CortexM0\ARM_GCC_541\Debug\LW01.a(COLUMN_0.o)
 .text.COLUMN_0_SetInterruptMode
                0x00000000       0x14 .\CortexM0\ARM_GCC_541\Debug\LW01.a(COLUMN_0.o)
 .text.COLUMN_0_ClearInterrupt
                0x00000000       0x10 .\CortexM0\ARM_GCC_541\Debug\LW01.a(COLUMN_0.o)
 .text          0x00000000        0x0 .\CortexM0\ARM_GCC_541\Debug\LW01.a(COLUMN_1.o)
 .data          0x00000000        0x0 .\CortexM0\ARM_GCC_541\Debug\LW01.a(COLUMN_1.o)
 .bss           0x00000000        0x0 .\CortexM0\ARM_GCC_541\Debug\LW01.a(COLUMN_1.o)
 .text.COLUMN_1_Read
                0x00000000       0x10 .\CortexM0\ARM_GCC_541\Debug\LW01.a(COLUMN_1.o)
 .text.COLUMN_1_ReadDataReg
                0x00000000       0x10 .\CortexM0\ARM_GCC_541\Debug\LW01.a(COLUMN_1.o)
 .text.COLUMN_1_SetInterruptMode
                0x00000000       0x14 .\CortexM0\ARM_GCC_541\Debug\LW01.a(COLUMN_1.o)
 .text.COLUMN_1_ClearInterrupt
                0x00000000       0x14 .\CortexM0\ARM_GCC_541\Debug\LW01.a(COLUMN_1.o)
 .text          0x00000000        0x0 .\CortexM0\ARM_GCC_541\Debug\LW01.a(COLUMN_2.o)
 .data          0x00000000        0x0 .\CortexM0\ARM_GCC_541\Debug\LW01.a(COLUMN_2.o)
 .bss           0x00000000        0x0 .\CortexM0\ARM_GCC_541\Debug\LW01.a(COLUMN_2.o)
 .text.COLUMN_2_Read
                0x00000000       0x10 .\CortexM0\ARM_GCC_541\Debug\LW01.a(COLUMN_2.o)
 .text.COLUMN_2_ReadDataReg
                0x00000000       0x10 .\CortexM0\ARM_GCC_541\Debug\LW01.a(COLUMN_2.o)
 .text.COLUMN_2_SetInterruptMode
                0x00000000       0x14 .\CortexM0\ARM_GCC_541\Debug\LW01.a(COLUMN_2.o)
 .text.COLUMN_2_ClearInterrupt
                0x00000000       0x10 .\CortexM0\ARM_GCC_541\Debug\LW01.a(COLUMN_2.o)
 .text          0x00000000        0x0 .\CortexM0\ARM_GCC_541\Debug\LW01.a(Pin_Latch.o)
 .data          0x00000000        0x0 .\CortexM0\ARM_GCC_541\Debug\LW01.a(Pin_Latch.o)
 .bss           0x00000000        0x0 .\CortexM0\ARM_GCC_541\Debug\LW01.a(Pin_Latch.o)
 .text.Pin_Latch_SetDriveMode
                0x00000000       0x18 .\CortexM0\ARM_GCC_541\Debug\LW01.a(Pin_Latch.o)
 .text.Pin_Latch_Read
                0x00000000       0x10 .\CortexM0\ARM_GCC_541\Debug\LW01.a(Pin_Latch.o)
 .text.Pin_Latch_ReadDataReg
                0x00000000       0x10 .\CortexM0\ARM_GCC_541\Debug\LW01.a(Pin_Latch.o)
 .text.Pin_Latch_SetInterruptMode
                0x00000000       0x14 .\CortexM0\ARM_GCC_541\Debug\LW01.a(Pin_Latch.o)
 .text.Pin_Latch_ClearInterrupt
                0x00000000       0x14 .\CortexM0\ARM_GCC_541\Debug\LW01.a(Pin_Latch.o)
 .text          0x00000000        0x0 .\CortexM0\ARM_GCC_541\Debug\LW01.a(Pin_CLK.o)
 .data          0x00000000        0x0 .\CortexM0\ARM_GCC_541\Debug\LW01.a(Pin_CLK.o)
 .bss           0x00000000        0x0 .\CortexM0\ARM_GCC_541\Debug\LW01.a(Pin_CLK.o)
 .text.Pin_CLK_SetDriveMode
                0x00000000       0x18 .\CortexM0\ARM_GCC_541\Debug\LW01.a(Pin_CLK.o)
 .text.Pin_CLK_Read
                0x00000000       0x10 .\CortexM0\ARM_GCC_541\Debug\LW01.a(Pin_CLK.o)
 .text.Pin_CLK_ReadDataReg
                0x00000000       0x10 .\CortexM0\ARM_GCC_541\Debug\LW01.a(Pin_CLK.o)
 .text.Pin_CLK_SetInterruptMode
                0x00000000       0x14 .\CortexM0\ARM_GCC_541\Debug\LW01.a(Pin_CLK.o)
 .text.Pin_CLK_ClearInterrupt
                0x00000000       0x14 .\CortexM0\ARM_GCC_541\Debug\LW01.a(Pin_CLK.o)
 .text          0x00000000        0x0 .\CortexM0\ARM_GCC_541\Debug\LW01.a(Pin_DO.o)
 .data          0x00000000        0x0 .\CortexM0\ARM_GCC_541\Debug\LW01.a(Pin_DO.o)
 .bss           0x00000000        0x0 .\CortexM0\ARM_GCC_541\Debug\LW01.a(Pin_DO.o)
 .text.Pin_DO_SetDriveMode
                0x00000000       0x14 .\CortexM0\ARM_GCC_541\Debug\LW01.a(Pin_DO.o)
 .text.Pin_DO_Read
                0x00000000       0x10 .\CortexM0\ARM_GCC_541\Debug\LW01.a(Pin_DO.o)
 .text.Pin_DO_ReadDataReg
                0x00000000       0x10 .\CortexM0\ARM_GCC_541\Debug\LW01.a(Pin_DO.o)
 .text.Pin_DO_SetInterruptMode
                0x00000000       0x14 .\CortexM0\ARM_GCC_541\Debug\LW01.a(Pin_DO.o)
 .text.Pin_DO_ClearInterrupt
                0x00000000       0x10 .\CortexM0\ARM_GCC_541\Debug\LW01.a(Pin_DO.o)
 .data          0x00000000        0x0 .\CortexM0\ARM_GCC_541\Debug\LW01.a(CyBootAsmGnu.o)
 .bss           0x00000000        0x0 .\CortexM0\ARM_GCC_541\Debug\LW01.a(CyBootAsmGnu.o)
 .data          0x00000000        0x0 .\CortexM0\ARM_GCC_541\Debug\LW01.a(SW_Tx_UART_AsmGnu.o)
 .bss           0x00000000        0x0 .\CortexM0\ARM_GCC_541\Debug\LW01.a(SW_Tx_UART_AsmGnu.o)
 .data          0x00000000        0x0 c:/program files (x86)/cypress/psoc creator/4.4/psoc creator/import/gnu/arm/5.4.1/bin/../lib/gcc/arm-none-eabi/5.4.1/armv6-m\libgcc.a(_udivsi3.o)
 .bss           0x00000000        0x0 c:/program files (x86)/cypress/psoc creator/4.4/psoc creator/import/gnu/arm/5.4.1/bin/../lib/gcc/arm-none-eabi/5.4.1/armv6-m\libgcc.a(_udivsi3.o)
 .data          0x00000000        0x0 c:/program files (x86)/cypress/psoc creator/4.4/psoc creator/import/gnu/arm/5.4.1/bin/../lib/gcc/arm-none-eabi/5.4.1/armv6-m\libgcc.a(_dvmd_tls.o)
 .bss           0x00000000        0x0 c:/program files (x86)/cypress/psoc creator/4.4/psoc creator/import/gnu/arm/5.4.1/bin/../lib/gcc/arm-none-eabi/5.4.1/armv6-m\libgcc.a(_dvmd_tls.o)
 .text          0x00000000        0x0 c:/program files (x86)/cypress/psoc creator/4.4/psoc creator/import/gnu/arm/5.4.1/bin/../lib/gcc/arm-none-eabi/5.4.1/../../../../arm-none-eabi/lib/armv6-m\libg_nano.a(lib_a-errno.o)
 .data          0x00000000        0x0 c:/program files (x86)/cypress/psoc creator/4.4/psoc creator/import/gnu/arm/5.4.1/bin/../lib/gcc/arm-none-eabi/5.4.1/../../../../arm-none-eabi/lib/armv6-m\libg_nano.a(lib_a-errno.o)
 .bss           0x00000000        0x0 c:/program files (x86)/cypress/psoc creator/4.4/psoc creator/import/gnu/arm/5.4.1/bin/../lib/gcc/arm-none-eabi/5.4.1/../../../../arm-none-eabi/lib/armv6-m\libg_nano.a(lib_a-errno.o)
 .text          0x00000000        0x0 c:/program files (x86)/cypress/psoc creator/4.4/psoc creator/import/gnu/arm/5.4.1/bin/../lib/gcc/arm-none-eabi/5.4.1/../../../../arm-none-eabi/lib/armv6-m\libg_nano.a(lib_a-exit.o)
 .data          0x00000000        0x0 c:/program files (x86)/cypress/psoc creator/4.4/psoc creator/import/gnu/arm/5.4.1/bin/../lib/gcc/arm-none-eabi/5.4.1/../../../../arm-none-eabi/lib/armv6-m\libg_nano.a(lib_a-exit.o)
 .bss           0x00000000        0x0 c:/program files (x86)/cypress/psoc creator/4.4/psoc creator/import/gnu/arm/5.4.1/bin/../lib/gcc/arm-none-eabi/5.4.1/../../../../arm-none-eabi/lib/armv6-m\libg_nano.a(lib_a-exit.o)
 .text.exit     0x00000000       0x2c c:/program files (x86)/cypress/psoc creator/4.4/psoc creator/import/gnu/arm/5.4.1/bin/../lib/gcc/arm-none-eabi/5.4.1/../../../../arm-none-eabi/lib/armv6-m\libg_nano.a(lib_a-exit.o)
 .text          0x00000000        0x0 c:/program files (x86)/cypress/psoc creator/4.4/psoc creator/import/gnu/arm/5.4.1/bin/../lib/gcc/arm-none-eabi/5.4.1/../../../../arm-none-eabi/lib/armv6-m\libg_nano.a(lib_a-impure.o)
 .data          0x00000000        0x0 c:/program files (x86)/cypress/psoc creator/4.4/psoc creator/import/gnu/arm/5.4.1/bin/../lib/gcc/arm-none-eabi/5.4.1/../../../../arm-none-eabi/lib/armv6-m\libg_nano.a(lib_a-impure.o)
 .bss           0x00000000        0x0 c:/program files (x86)/cypress/psoc creator/4.4/psoc creator/import/gnu/arm/5.4.1/bin/../lib/gcc/arm-none-eabi/5.4.1/../../../../arm-none-eabi/lib/armv6-m\libg_nano.a(lib_a-impure.o)
 .rodata._global_impure_ptr
                0x00000000        0x4 c:/program files (x86)/cypress/psoc creator/4.4/psoc creator/import/gnu/arm/5.4.1/bin/../lib/gcc/arm-none-eabi/5.4.1/../../../../arm-none-eabi/lib/armv6-m\libg_nano.a(lib_a-impure.o)
 .text          0x00000000        0x0 c:/program files (x86)/cypress/psoc creator/4.4/psoc creator/import/gnu/arm/5.4.1/bin/../lib/gcc/arm-none-eabi/5.4.1/../../../../arm-none-eabi/lib/armv6-m\libg_nano.a(lib_a-init.o)
 .data          0x00000000        0x0 c:/program files (x86)/cypress/psoc creator/4.4/psoc creator/import/gnu/arm/5.4.1/bin/../lib/gcc/arm-none-eabi/5.4.1/../../../../arm-none-eabi/lib/armv6-m\libg_nano.a(lib_a-init.o)
 .bss           0x00000000        0x0 c:/program files (x86)/cypress/psoc creator/4.4/psoc creator/import/gnu/arm/5.4.1/bin/../lib/gcc/arm-none-eabi/5.4.1/../../../../arm-none-eabi/lib/armv6-m\libg_nano.a(lib_a-init.o)
 .text          0x00000000        0x0 c:/program files (x86)/cypress/psoc creator/4.4/psoc creator/import/gnu/arm/5.4.1/bin/../lib/gcc/arm-none-eabi/5.4.1/../../../../arm-none-eabi/lib/armv6-m\libg_nano.a(lib_a-memset.o)
 .data          0x00000000        0x0 c:/program files (x86)/cypress/psoc creator/4.4/psoc creator/import/gnu/arm/5.4.1/bin/../lib/gcc/arm-none-eabi/5.4.1/../../../../arm-none-eabi/lib/armv6-m\libg_nano.a(lib_a-memset.o)
 .bss           0x00000000        0x0 c:/program files (x86)/cypress/psoc creator/4.4/psoc creator/import/gnu/arm/5.4.1/bin/../lib/gcc/arm-none-eabi/5.4.1/../../../../arm-none-eabi/lib/armv6-m\libg_nano.a(lib_a-memset.o)
 .text          0x00000000        0x0 c:/program files (x86)/cypress/psoc creator/4.4/psoc creator/import/gnu/arm/5.4.1/bin/../lib/gcc/arm-none-eabi/5.4.1/armv6-m/crtend.o
 .data          0x00000000        0x0 c:/program files (x86)/cypress/psoc creator/4.4/psoc creator/import/gnu/arm/5.4.1/bin/../lib/gcc/arm-none-eabi/5.4.1/armv6-m/crtend.o
 .bss           0x00000000        0x0 c:/program files (x86)/cypress/psoc creator/4.4/psoc creator/import/gnu/arm/5.4.1/bin/../lib/gcc/arm-none-eabi/5.4.1/armv6-m/crtend.o
 .text          0x00000000        0x0 c:/program files (x86)/cypress/psoc creator/4.4/psoc creator/import/gnu/arm/5.4.1/bin/../lib/gcc/arm-none-eabi/5.4.1/armv6-m/crtn.o
 .data          0x00000000        0x0 c:/program files (x86)/cypress/psoc creator/4.4/psoc creator/import/gnu/arm/5.4.1/bin/../lib/gcc/arm-none-eabi/5.4.1/armv6-m/crtn.o
 .bss           0x00000000        0x0 c:/program files (x86)/cypress/psoc creator/4.4/psoc creator/import/gnu/arm/5.4.1/bin/../lib/gcc/arm-none-eabi/5.4.1/armv6-m/crtn.o

Memory Configuration

Name             Origin             Length             Attributes
rom              0x00000000         0x00008000         xr
ram              0x20000000         0x00001000         xrw
*default*        0x00000000         0xffffffff

Linker script and memory map

LOAD c:/program files (x86)/cypress/psoc creator/4.4/psoc creator/import/gnu/arm/5.4.1/bin/../lib/gcc/arm-none-eabi/5.4.1/armv6-m/crti.o
LOAD c:/program files (x86)/cypress/psoc creator/4.4/psoc creator/import/gnu/arm/5.4.1/bin/../lib/gcc/arm-none-eabi/5.4.1/armv6-m/crtbegin.o
LOAD c:/program files (x86)/cypress/psoc creator/4.4/psoc creator/import/gnu/arm/5.4.1/bin/../lib/gcc/arm-none-eabi/5.4.1/../../../../arm-none-eabi/lib/armv6-m/crt0.o
START GROUP
LOAD .\CortexM0\ARM_GCC_541\Debug\main.o
LOAD .\CortexM0\ARM_GCC_541\Debug\cyfitter_cfg.o
LOAD .\CortexM0\ARM_GCC_541\Debug\cymetadata.o
LOAD .\CortexM0\ARM_GCC_541\Debug\Cm0Start.o
LOAD .\CortexM0\ARM_GCC_541\Debug\LW01.a
END GROUP
START GROUP
LOAD c:/program files (x86)/cypress/psoc creator/4.4/psoc creator/import/gnu/arm/5.4.1/bin/../lib/gcc/arm-none-eabi/5.4.1/armv6-m\libgcc.a
LOAD c:/program files (x86)/cypress/psoc creator/4.4/psoc creator/import/gnu/arm/5.4.1/bin/../lib/gcc/arm-none-eabi/5.4.1/../../../../arm-none-eabi/lib/armv6-m\libg_nano.a
LOAD c:/program files (x86)/cypress/psoc creator/4.4/psoc creator/import/gnu/arm/5.4.1/bin/../lib/gcc/arm-none-eabi/5.4.1/../../../../arm-none-eabi/lib/armv6-m\libc_nano.a
END GROUP
START GROUP
LOAD c:/program files (x86)/cypress/psoc creator/4.4/psoc creator/import/gnu/arm/5.4.1/bin/../lib/gcc/arm-none-eabi/5.4.1/armv6-m\libgcc.a
LOAD c:/program files (x86)/cypress/psoc creator/4.4/psoc creator/import/gnu/arm/5.4.1/bin/../lib/gcc/arm-none-eabi/5.4.1/../../../../arm-none-eabi/lib/armv6-m\libc_nano.a
END GROUP
LOAD c:/program files (x86)/cypress/psoc creator/4.4/psoc creator/import/gnu/arm/5.4.1/bin/../lib/gcc/arm-none-eabi/5.4.1/armv6-m/crtend.o
LOAD c:/program files (x86)/cypress/psoc creator/4.4/psoc creator/import/gnu/arm/5.4.1/bin/../lib/gcc/arm-none-eabi/5.4.1/armv6-m/crtn.o
START GROUP
LOAD c:/program files (x86)/cypress/psoc creator/4.4/psoc creator/import/gnu/arm/5.4.1/bin/../lib/gcc/arm-none-eabi/5.4.1/armv6-m\libgcc.a
LOAD c:/program files (x86)/cypress/psoc creator/4.4/psoc creator/import/gnu/arm/5.4.1/bin/../lib/gcc/arm-none-eabi/5.4.1/../../../../arm-none-eabi/lib/armv6-m\libc.a
LOAD c:/program files (x86)/cypress/psoc creator/4.4/psoc creator/import/gnu/arm/5.4.1/bin/../lib/gcc/arm-none-eabi/5.4.1/../../../../arm-none-eabi/lib/armv6-m\libnosys.a
END GROUP
                0x00000000                CY_APPL_ORIGIN = 0x0
                0x00000080                CY_FLASH_ROW_SIZE = 0x80
                0x00000001                CY_APPL_NUM = 0x1
                0x00000001                CY_APPL_MAX = 0x1
                0x00000040                CY_METADATA_SIZE = 0x40
                0x00000000                CY_APPL_LOADABLE = 0x0
                0x00000000                CY_CHECKSUM_EXCLUDE_SIZE = ALIGN (0x0, CY_FLASH_ROW_SIZE)
                0x00000000                CY_APP_FOR_STACK_AND_COPIER = 0x0
                [!provide]                PROVIDE (__cy_heap_start, _end)
                0x00000001                PROVIDE (__cy_region_num, ((__cy_regions_end - __cy_regions) / 0x10))
                0x20001000                PROVIDE (__cy_stack, (ORIGIN (ram) + LENGTH (ram)))
                [!provide]                PROVIDE (__cy_heap_end, (__cy_stack - 0x400))

.cybootloader   0x00000000        0x0
 *(.cybootloader)
                0x00000000                appl1_start = CY_APPL_ORIGIN?CY_APPL_ORIGIN:ALIGN (CY_FLASH_ROW_SIZE)
                0x00003f80                appl2_start = (appl1_start + ALIGN ((((LENGTH (rom) - appl1_start) - (0x2 * CY_FLASH_ROW_SIZE)) / 0x2), CY_FLASH_ROW_SIZE))
                0x00000000                appl_start = (CY_APPL_NUM == 0x1)?appl1_start:appl2_start
                0x00000001                cy_project_type_bootloader = (appl_start == 0x0)?0x1:0x0
                0x00000000                cy_project_type_app_for_stack_and_copier = (CY_APP_FOR_STACK_AND_COPIER == 0x1)?0x1:0x0

.text           0x00000000      0xdb4
 CREATE_OBJECT_SYMBOLS
                0x00000000                PROVIDE (__cy_interrupt_vector, RomVectors)
 *(.romvectors)
 .romvectors    0x00000000       0x10 .\CortexM0\ARM_GCC_541\Debug\Cm0Start.o
                0x00000000                RomVectors
                0x00000001                ASSERT ((. != __cy_interrupt_vector), No interrupt vector)
                0x00000001                ASSERT (CY_APPL_ORIGIN?(SIZEOF (.cybootloader) <= CY_APPL_ORIGIN):0x1, Wrong image location)
                0x00000010                PROVIDE (__cy_reset, Reset)
 *(.text.Reset)
 .text.Reset    0x00000010        0x8 .\CortexM0\ARM_GCC_541\Debug\Cm0Start.o
                0x00000010                Reset
                0x00000001                ASSERT ((. != __cy_reset), No reset code)
 *(.psocinit)
 .psocinit      0x00000018      0x11c .\CortexM0\ARM_GCC_541\Debug\cyfitter_cfg.o
                0x00000074                cyfitter_cfg
                0x00000134                . = MAX (., 0x100)
 *(.text .text.* .gnu.linkonce.t.*)
 .text          0x00000134       0x60 c:/program files (x86)/cypress/psoc creator/4.4/psoc creator/import/gnu/arm/5.4.1/bin/../lib/gcc/arm-none-eabi/5.4.1/armv6-m/crtbegin.o
 .text.initMatrix
                0x00000194       0x1c .\CortexM0\ARM_GCC_541\Debug\main.o
 .text.readMatrix
                0x000001b0       0x50 .\CortexM0\ARM_GCC_541\Debug\main.o
 .text.printButtonName
                0x00000200       0xa8 .\CortexM0\ARM_GCC_541\Debug\main.o
 .text.checkPassword
                0x000002a8       0x7c .\CortexM0\ARM_GCC_541\Debug\main.o
 .text.FourDigit74HC595_sendData
                0x00000324       0x34 .\CortexM0\ARM_GCC_541\Debug\main.o
 .text.FourDigit74HC595_sendOneDigit
                0x00000358       0x54 .\CortexM0\ARM_GCC_541\Debug\main.o
 .text.setLEDColor
                0x000003ac       0xf0 .\CortexM0\ARM_GCC_541\Debug\main.o
 .text.main     0x0000049c      0x138 .\CortexM0\ARM_GCC_541\Debug\main.o
                0x0000049c                main
 .text.CYMEMZERO
                0x000005d4        0xc .\CortexM0\ARM_GCC_541\Debug\cyfitter_cfg.o
 .text.IntDefaultHandler
                0x000005e0       0x10 .\CortexM0\ARM_GCC_541\Debug\Cm0Start.o
                0x000005e0                IntDefaultHandler
 .text.Start_c  0x000005f0       0x48 .\CortexM0\ARM_GCC_541\Debug\Cm0Start.o
                0x000005f0                Start_c
 .text.initialize_psoc
                0x00000638       0x40 .\CortexM0\ARM_GCC_541\Debug\Cm0Start.o
                0x00000638                initialize_psoc
 .text.CyIntEnable
                0x00000678       0x14 .\CortexM0\ARM_GCC_541\Debug\LW01.a(CyLib.o)
                0x00000678                CyIntEnable
 .text.CyHalt   0x0000068c        0x4 .\CortexM0\ARM_GCC_541\Debug\LW01.a(CyLib.o)
                0x0000068c                CyHalt
 .text.CyIntSetVector
                0x00000690       0x24 .\CortexM0\ARM_GCC_541\Debug\LW01.a(CyLib.o)
                0x00000690                CyIntSetVector
 .text.CyDelay  0x000006b4       0x30 .\CortexM0\ARM_GCC_541\Debug\LW01.a(CyLib.o)
                0x000006b4                CyDelay
 .text.CyDelayUs
                0x000006e4       0x14 .\CortexM0\ARM_GCC_541\Debug\LW01.a(CyLib.o)
                0x000006e4                CyDelayUs
 .text.CySysClkWriteImoFreq
                0x000006f8      0x164 .\CortexM0\ARM_GCC_541\Debug\LW01.a(CyLib.o)
                0x000006f8                CySysClkWriteImoFreq
 .text.CySysWdtLocked
                0x0000085c       0x14 .\CortexM0\ARM_GCC_541\Debug\LW01.a(CyLFClk.o)
 .text.CySysWdtLock
                0x00000870       0x1c .\CortexM0\ARM_GCC_541\Debug\LW01.a(CyLFClk.o)
                0x00000870                CySysWdtLock
 .text.CySysWdtUnlock
                0x0000088c       0x30 .\CortexM0\ARM_GCC_541\Debug\LW01.a(CyLFClk.o)
                0x0000088c                CySysWdtUnlock
 .text.CySysWdtClearInterrupt
                0x000008bc       0x4c .\CortexM0\ARM_GCC_541\Debug\LW01.a(CyLFClk.o)
                0x000008bc                CySysWdtClearInterrupt
 .text.CySysWdtIsr
                0x00000908       0xa4 .\CortexM0\ARM_GCC_541\Debug\LW01.a(CyLFClk.o)
                0x00000908                CySysWdtIsr
 .text.LED_R_Write
                0x000009ac       0x18 .\CortexM0\ARM_GCC_541\Debug\LW01.a(LED_R.o)
                0x000009ac                LED_R_Write
 .text.SW_Tx_UART_Start
                0x000009c4        0x4 .\CortexM0\ARM_GCC_541\Debug\LW01.a(SW_Tx_UART.o)
                0x000009c4                SW_Tx_UART_Start
 .text.SW_Tx_UART_PutString
                0x000009c8       0x1c .\CortexM0\ARM_GCC_541\Debug\LW01.a(SW_Tx_UART.o)
                0x000009c8                SW_Tx_UART_PutString
 .text.SW_Tx_UART_PutCRLF
                0x000009e4       0x10 .\CortexM0\ARM_GCC_541\Debug\LW01.a(SW_Tx_UART.o)
                0x000009e4                SW_Tx_UART_PutCRLF
 .text.LED_G_Write
                0x000009f4       0x18 .\CortexM0\ARM_GCC_541\Debug\LW01.a(LED_G.o)
                0x000009f4                LED_G_Write
 .text.LED_B_Write
                0x00000a0c       0x18 .\CortexM0\ARM_GCC_541\Debug\LW01.a(LED_B.o)
                0x00000a0c                LED_B_Write
 .text.ROW_0_Read
                0x00000a24       0x10 .\CortexM0\ARM_GCC_541\Debug\LW01.a(ROW_0.o)
                0x00000a24                ROW_0_Read
 .text.ROW_1_Read
                0x00000a34       0x10 .\CortexM0\ARM_GCC_541\Debug\LW01.a(ROW_1.o)
                0x00000a34                ROW_1_Read
 .text.ROW_2_Read
                0x00000a44       0x10 .\CortexM0\ARM_GCC_541\Debug\LW01.a(ROW_2.o)
                0x00000a44                ROW_2_Read
 .text.ROW_3_Read
                0x00000a54       0x10 .\CortexM0\ARM_GCC_541\Debug\LW01.a(ROW_3.o)
                0x00000a54                ROW_3_Read
 .text.COLUMN_0_SetDriveMode
                0x00000a64       0x14 .\CortexM0\ARM_GCC_541\Debug\LW01.a(COLUMN_0.o)
                0x00000a64                COLUMN_0_SetDriveMode
 .text.COLUMN_0_Write
                0x00000a78       0x18 .\CortexM0\ARM_GCC_541\Debug\LW01.a(COLUMN_0.o)
                0x00000a78                COLUMN_0_Write
 .text.COLUMN_1_SetDriveMode
                0x00000a90       0x14 .\CortexM0\ARM_GCC_541\Debug\LW01.a(COLUMN_1.o)
                0x00000a90                COLUMN_1_SetDriveMode
 .text.COLUMN_1_Write
                0x00000aa4       0x18 .\CortexM0\ARM_GCC_541\Debug\LW01.a(COLUMN_1.o)
                0x00000aa4                COLUMN_1_Write
 .text.COLUMN_2_SetDriveMode
                0x00000abc       0x14 .\CortexM0\ARM_GCC_541\Debug\LW01.a(COLUMN_2.o)
                0x00000abc                COLUMN_2_SetDriveMode
 .text.COLUMN_2_Write
                0x00000ad0       0x18 .\CortexM0\ARM_GCC_541\Debug\LW01.a(COLUMN_2.o)
                0x00000ad0                COLUMN_2_Write
 .text.Pin_Latch_Write
                0x00000ae8       0x18 .\CortexM0\ARM_GCC_541\Debug\LW01.a(Pin_Latch.o)
                0x00000ae8                Pin_Latch_Write
 .text.Pin_CLK_Write
                0x00000b00       0x18 .\CortexM0\ARM_GCC_541\Debug\LW01.a(Pin_CLK.o)
                0x00000b00                Pin_CLK_Write
 .text.Pin_DO_Write
                0x00000b18       0x18 .\CortexM0\ARM_GCC_541\Debug\LW01.a(Pin_DO.o)
                0x00000b18                Pin_DO_Write
 .text          0x00000b30       0x24 .\CortexM0\ARM_GCC_541\Debug\LW01.a(CyBootAsmGnu.o)
                0x00000b30                CyDelayCycles
                0x00000b44                CyEnterCriticalSection
                0x00000b4c                CyExitCriticalSection
 *fill*         0x00000b54        0xc 
 .text          0x00000b60       0xd4 .\CortexM0\ARM_GCC_541\Debug\LW01.a(SW_Tx_UART_AsmGnu.o)
                0x00000b60                SW_Tx_UART_PutChar
 .text          0x00000c34      0x114 c:/program files (x86)/cypress/psoc creator/4.4/psoc creator/import/gnu/arm/5.4.1/bin/../lib/gcc/arm-none-eabi/5.4.1/armv6-m\libgcc.a(_udivsi3.o)
                0x00000c34                __aeabi_uidiv
                0x00000c34                __udivsi3
                0x00000d40                __aeabi_uidivmod
 .text          0x00000d48        0x4 c:/program files (x86)/cypress/psoc creator/4.4/psoc creator/import/gnu/arm/5.4.1/bin/../lib/gcc/arm-none-eabi/5.4.1/armv6-m\libgcc.a(_dvmd_tls.o)
                0x00000d48                __aeabi_idiv0
                0x00000d48                __aeabi_ldiv0
 .text.__errno  0x00000d4c        0xc c:/program files (x86)/cypress/psoc creator/4.4/psoc creator/import/gnu/arm/5.4.1/bin/../lib/gcc/arm-none-eabi/5.4.1/../../../../arm-none-eabi/lib/armv6-m\libg_nano.a(lib_a-errno.o)
                0x00000d4c                __errno
 .text.__libc_init_array
                0x00000d58       0x4c c:/program files (x86)/cypress/psoc creator/4.4/psoc creator/import/gnu/arm/5.4.1/bin/../lib/gcc/arm-none-eabi/5.4.1/../../../../arm-none-eabi/lib/armv6-m\libg_nano.a(lib_a-init.o)
                0x00000d58                __libc_init_array
 .text.memset   0x00000da4       0x10 c:/program files (x86)/cypress/psoc creator/4.4/psoc creator/import/gnu/arm/5.4.1/bin/../lib/gcc/arm-none-eabi/5.4.1/../../../../arm-none-eabi/lib/armv6-m\libg_nano.a(lib_a-memset.o)
                0x00000da4                memset
 *(.plt)
 *(.gnu.warning)
 *(.glue_7t)
 .glue_7t       0x00000db4        0x0 linker stubs
 *(.glue_7)
 .glue_7        0x00000db4        0x0 linker stubs
 *(.vfp11_veneer)
 .vfp11_veneer  0x00000db4        0x0 linker stubs
 *(.bootloader)
 *(.ARM.extab* .gnu.linkonce.armextab.*)
 *(.gcc_except_table)

.v4_bx          0x00000db4        0x0
 .v4_bx         0x00000db4        0x0 linker stubs

.iplt           0x00000db4        0x0
 .iplt          0x00000db4        0x0 c:/program files (x86)/cypress/psoc creator/4.4/psoc creator/import/gnu/arm/5.4.1/bin/../lib/gcc/arm-none-eabi/5.4.1/armv6-m/crtbegin.o

.eh_frame_hdr
 *(.eh_frame_hdr)

.eh_frame       0x00000db4        0x4
 *(.eh_frame)
 .eh_frame      0x00000db4        0x0 c:/program files (x86)/cypress/psoc creator/4.4/psoc creator/import/gnu/arm/5.4.1/bin/../lib/gcc/arm-none-eabi/5.4.1/armv6-m/crtbegin.o
 .eh_frame      0x00000db4        0x4 c:/program files (x86)/cypress/psoc creator/4.4/psoc creator/import/gnu/arm/5.4.1/bin/../lib/gcc/arm-none-eabi/5.4.1/armv6-m/crtend.o
                [!provide]                PROVIDE (__exidx_start, .)

.ARM.exidx
 *(.ARM.exidx* .gnu.linkonce.armexidx.*)
                0x00000db8                __exidx_end = .

.rodata         0x00000db8      0x258
 *(.rodata .rodata.* .gnu.linkonce.r.*)
 .rodata        0x00000db8       0x9d .\CortexM0\ARM_GCC_541\Debug\main.o
 *fill*         0x00000e55        0x3 
 .rodata.str1.4
                0x00000e58      0x144 .\CortexM0\ARM_GCC_541\Debug\main.o
                                0x141 (size before relaxing)
 .rodata        0x00000f9c        0xc .\CortexM0\ARM_GCC_541\Debug\cyfitter_cfg.o
 .rodata        0x00000fa8       0x2e .\CortexM0\ARM_GCC_541\Debug\LW01.a(CyLib.o)
                0x00000fa8                cyImoFreqMhz2Reg
 .rodata.str1.1
                0x00000fd6        0x2 c:/program files (x86)/cypress/psoc creator/4.4/psoc creator/import/gnu/arm/5.4.1/bin/../lib/gcc/arm-none-eabi/5.4.1/../../../../arm-none-eabi/lib/armv6-m\libg_nano.a(lib_a-impure.o)
                0x00000fd8                . = ALIGN (0x4)
 *(.init)
 .init          0x00000fd8        0x4 c:/program files (x86)/cypress/psoc creator/4.4/psoc creator/import/gnu/arm/5.4.1/bin/../lib/gcc/arm-none-eabi/5.4.1/armv6-m/crti.o
                0x00000fd8                _init
 .init          0x00000fdc        0x8 c:/program files (x86)/cypress/psoc creator/4.4/psoc creator/import/gnu/arm/5.4.1/bin/../lib/gcc/arm-none-eabi/5.4.1/armv6-m/crtn.o
                0x00000fe4                . = ALIGN (0x4)
                0x00000fe4                __preinit_array_start = .
 *(.preinit_array)
                0x00000fe4                __preinit_array_end = .
                0x00000fe4                . = ALIGN (0x4)
                0x00000fe4                __init_array_start = .
 *(SORT(.init_array.*))
 *(.init_array)
 .init_array    0x00000fe4        0x4 c:/program files (x86)/cypress/psoc creator/4.4/psoc creator/import/gnu/arm/5.4.1/bin/../lib/gcc/arm-none-eabi/5.4.1/armv6-m/crtbegin.o
 .init_array    0x00000fe8        0x4 .\CortexM0\ARM_GCC_541\Debug\Cm0Start.o
                0x00000fec                __init_array_end = .
                0x00000fec                . = ALIGN (0x4)
 *(.fini)
 .fini          0x00000fec        0x4 c:/program files (x86)/cypress/psoc creator/4.4/psoc creator/import/gnu/arm/5.4.1/bin/../lib/gcc/arm-none-eabi/5.4.1/armv6-m/crti.o
                0x00000fec                _fini
 .fini          0x00000ff0        0x8 c:/program files (x86)/cypress/psoc creator/4.4/psoc creator/import/gnu/arm/5.4.1/bin/../lib/gcc/arm-none-eabi/5.4.1/armv6-m/crtn.o
                0x00000ff8                . = ALIGN (0x4)
                0x00000ff8                __fini_array_start = .
 *(.fini_array)
 .fini_array    0x00000ff8        0x4 c:/program files (x86)/cypress/psoc creator/4.4/psoc creator/import/gnu/arm/5.4.1/bin/../lib/gcc/arm-none-eabi/5.4.1/armv6-m/crtbegin.o
 *(SORT(.fini_array.*))
                0x00000ffc                __fini_array_end = .
                0x00000ffc                . = ALIGN (0x4)
 *crtbegin.o(.ctors)
 *(EXCLUDE_FILE(*crtend.o) .ctors)
 *(SORT(.ctors.*))
 *crtend.o(.ctors)
                0x00000ffc                . = ALIGN (0x4)
 *crtbegin.o(.dtors)
 *(EXCLUDE_FILE(*crtend.o) .dtors)
 *(SORT(.dtors.*))
 *crtend.o(.dtors)
                0x00000ffc                . = ALIGN (0x4)
                0x00000ffc                __cy_regions = .
                0x00000ffc        0x4 LONG 0x1010 __cy_region_init_ram
                0x00001000        0x4 LONG 0x200000c0 __cy_region_start_data
                0x00001004        0x4 LONG 0xa0 __cy_region_init_size_ram
                0x00001008        0x4 LONG 0x40 __cy_region_zero_size_ram
                0x0000100c                __cy_regions_end = .
                0x00001010                . = ALIGN (0x8)
 *fill*         0x0000100c        0x4 
                0x00001010                _etext = .

.cy_checksum_exclude
                0x00001010        0x0
 *(.cy_checksum_exclude)

.ramvectors     0x20000000       0xc0
                0x20000000                __cy_region_start_ram = .
 *(.ramvectors)
 .ramvectors    0x20000000       0xc0 .\CortexM0\ARM_GCC_541\Debug\Cm0Start.o
                0x20000000                CyRamVectors

.noinit
 *(.noinit)

.data           0x200000c0       0xa0 load address 0x00001010
                0x200000c0                __cy_region_start_data = .
 *(.jcr)
 .jcr           0x200000c0        0x0 c:/program files (x86)/cypress/psoc creator/4.4/psoc creator/import/gnu/arm/5.4.1/bin/../lib/gcc/arm-none-eabi/5.4.1/armv6-m/crtbegin.o
 .jcr           0x200000c0        0x4 c:/program files (x86)/cypress/psoc creator/4.4/psoc creator/import/gnu/arm/5.4.1/bin/../lib/gcc/arm-none-eabi/5.4.1/armv6-m/crtend.o
 *(.got.plt)
 *(.got)
 *(.shdata)
 *(.data .data.* .gnu.linkonce.d.*)
 .data          0x200000c4        0xd .\CortexM0\ARM_GCC_541\Debug\main.o
 *fill*         0x200000d1        0x3 
 .data          0x200000d4       0x14 .\CortexM0\ARM_GCC_541\Debug\LW01.a(CyLib.o)
                0x200000d4                CySysClkPumpConfig
                0x200000d8                cydelay32kMs
                0x200000dc                cydelayFreqKhz
                0x200000e0                cydelayFreqMhz
                0x200000e4                cydelayFreqHz
 .data          0x200000e8        0x4 .\CortexM0\ARM_GCC_541\Debug\LW01.a(CyLFClk.o)
 .data          0x200000ec        0xc .\CortexM0\ARM_GCC_541\Debug\LW01.a(SW_Tx_UART.o)
                0x200000ec                SW_Tx_UART_pinDrAdress
                0x200000f0                SW_Tx_UART_pinPortNumber
                0x200000f4                SW_Tx_UART_pinNumber
 .data.impure_data
                0x200000f8       0x60 c:/program files (x86)/cypress/psoc creator/4.4/psoc creator/import/gnu/arm/5.4.1/bin/../lib/gcc/arm-none-eabi/5.4.1/../../../../arm-none-eabi/lib/armv6-m\libg_nano.a(lib_a-impure.o)
 .data._impure_ptr
                0x20000158        0x4 c:/program files (x86)/cypress/psoc creator/4.4/psoc creator/import/gnu/arm/5.4.1/bin/../lib/gcc/arm-none-eabi/5.4.1/../../../../arm-none-eabi/lib/armv6-m\libg_nano.a(lib_a-impure.o)
                0x20000158                _impure_ptr
                0x20000160                . = ALIGN (0x8)
 *fill*         0x2000015c        0x4 
 *(.ram)
                0x20000160                _edata = .

.igot.plt       0x20000160        0x0 load address 0x000010b0
 .igot.plt      0x20000160        0x0 c:/program files (x86)/cypress/psoc creator/4.4/psoc creator/import/gnu/arm/5.4.1/bin/../lib/gcc/arm-none-eabi/5.4.1/armv6-m/crtbegin.o

.bss            0x20000160       0x40 load address 0x000010b0
                0x20000160                PROVIDE (__bss_start__, .)
 *(.shbss)
 *(.bss .bss.* .gnu.linkonce.b.*)
 .bss           0x20000160       0x1c c:/program files (x86)/cypress/psoc creator/4.4/psoc creator/import/gnu/arm/5.4.1/bin/../lib/gcc/arm-none-eabi/5.4.1/armv6-m/crtbegin.o
 .bss           0x2000017c        0x4 .\CortexM0\ARM_GCC_541\Debug\main.o
 .bss           0x20000180       0x20 .\CortexM0\ARM_GCC_541\Debug\LW01.a(CyLFClk.o)
 *(COMMON)
                0x200001a0                . = ALIGN (0x8)
 *(.ram.b)
                0x200001a0                _end = .
                0x200001a0                __end = .
                0x200001a0                PROVIDE (end, .)
                0x200001a0                PROVIDE (__bss_end__, .)
                0x00001010                __cy_region_init_ram = LOADADDR (.data)
                0x000000a0                __cy_region_init_size_ram = (_edata - ADDR (.data))
                0x00000040                __cy_region_zero_size_ram = (_end - _edata)

.heap           0x200001a0       0x80 load address 0x000010b0
                0x200001a0                . = _end
                0x20000220                . = (. + 0x80)
 *fill*         0x200001a0       0x80 
                0x20000220                __cy_heap_limit = .

.stack          0x20000c00      0x400
                0x20000c00                __cy_stack_limit = .
                0x20001000                . = (. + 0x400)
 *fill*         0x20000c00      0x400 
                0x00000001                ASSERT ((__cy_stack_limit >= __cy_heap_limit), region RAM overflowed with stack)
                0x00000000                cy_checksum_exclude_size = (CY_APPL_LOADABLE == 0x1)?SIZEOF (.cy_checksum_exclude):0x0
                0x00000001                ASSERT ((cy_checksum_exclude_size <= CY_CHECKSUM_EXCLUDE_SIZE), CY_BOOT: Section .cy_checksum_exclude size exceedes specified limit.)
                0x00007fc0                cyloadermeta_start = (cy_project_type_bootloader || cy_project_type_app_for_stack_and_copier)?(LENGTH (rom) - CY_METADATA_SIZE):0xf0000000

.cyloadermeta
 *(.cyloadermeta)
                0x00007fc0                cyloadablemeta_start = cy_project_type_app_for_stack_and_copier?((LENGTH (rom) - CY_FLASH_ROW_SIZE) - CY_METADATA_SIZE):((LENGTH (rom) - (CY_FLASH_ROW_SIZE * (CY_APPL_NUM - 0x1))) - CY_METADATA_SIZE)

.cyloadablemeta
 *(.cyloadablemeta)

.cyflashprotect
                0x90400000       0x20
 *(.cyflashprotect)
 .cyflashprotect
                0x90400000       0x20 .\CortexM0\ARM_GCC_541\Debug\cymetadata.o
                0x90400000                cy_meta_flashprotect

.cymeta         0x90500000        0xc
 *(.cymeta)
 .cymeta        0x90500000        0xc .\CortexM0\ARM_GCC_541\Debug\cymetadata.o
                0x90500000                cy_metadata

.cychipprotect  0x90600000        0x1
 *(.cychipprotect)
 .cychipprotect
                0x90600000        0x1 .\CortexM0\ARM_GCC_541\Debug\cymetadata.o
                0x90600000                cy_meta_chipprotect

.rel.dyn        0x000010b0        0x0 load address 0x90600004
 .rel.iplt      0x000010b0        0x0 c:/program files (x86)/cypress/psoc creator/4.4/psoc creator/import/gnu/arm/5.4.1/bin/../lib/gcc/arm-none-eabi/5.4.1/armv6-m/crtbegin.o

.stab
 *(.stab)

.stabstr
 *(.stabstr)

.debug
 *(.debug)

.line
 *(.line)

.debug_srcinfo
 *(.debug_srcinfo)

.debug_sfnames
 *(.debug_sfnames)

.debug_aranges  0x00000000      0x7d8
 *(.debug_aranges)
 .debug_aranges
                0x00000000       0x58 .\CortexM0\ARM_GCC_541\Debug\main.o
 .debug_aranges
                0x00000058       0x30 .\CortexM0\ARM_GCC_541\Debug\cyfitter_cfg.o
 .debug_aranges
                0x00000088       0x18 .\CortexM0\ARM_GCC_541\Debug\cymetadata.o
 .debug_aranges
                0x000000a0       0x48 .\CortexM0\ARM_GCC_541\Debug\Cm0Start.o
 .debug_aranges
                0x000000e8      0x180 .\CortexM0\ARM_GCC_541\Debug\LW01.a(CyLib.o)
 .debug_aranges
                0x00000268      0x138 .\CortexM0\ARM_GCC_541\Debug\LW01.a(CyLFClk.o)
 .debug_aranges
                0x000003a0       0x48 .\CortexM0\ARM_GCC_541\Debug\LW01.a(LED_R.o)
 .debug_aranges
                0x000003e8       0x50 .\CortexM0\ARM_GCC_541\Debug\LW01.a(SW_Tx_UART.o)
 .debug_aranges
                0x00000438       0x48 .\CortexM0\ARM_GCC_541\Debug\LW01.a(LED_G.o)
 .debug_aranges
                0x00000480       0x48 .\CortexM0\ARM_GCC_541\Debug\LW01.a(LED_B.o)
 .debug_aranges
                0x000004c8       0x48 .\CortexM0\ARM_GCC_541\Debug\LW01.a(ROW_0.o)
 .debug_aranges
                0x00000510       0x48 .\CortexM0\ARM_GCC_541\Debug\LW01.a(ROW_1.o)
 .debug_aranges
                0x00000558       0x48 .\CortexM0\ARM_GCC_541\Debug\LW01.a(ROW_2.o)
 .debug_aranges
                0x000005a0       0x48 .\CortexM0\ARM_GCC_541\Debug\LW01.a(ROW_3.o)
 .debug_aranges
                0x000005e8       0x48 .\CortexM0\ARM_GCC_541\Debug\LW01.a(COLUMN_0.o)
 .debug_aranges
                0x00000630       0x48 .\CortexM0\ARM_GCC_541\Debug\LW01.a(COLUMN_1.o)
 .debug_aranges
                0x00000678       0x48 .\CortexM0\ARM_GCC_541\Debug\LW01.a(COLUMN_2.o)
 .debug_aranges
                0x000006c0       0x48 .\CortexM0\ARM_GCC_541\Debug\LW01.a(Pin_Latch.o)
 .debug_aranges
                0x00000708       0x48 .\CortexM0\ARM_GCC_541\Debug\LW01.a(Pin_CLK.o)
 .debug_aranges
                0x00000750       0x48 .\CortexM0\ARM_GCC_541\Debug\LW01.a(Pin_DO.o)
 .debug_aranges
                0x00000798       0x20 .\CortexM0\ARM_GCC_541\Debug\LW01.a(CyBootAsmGnu.o)
 .debug_aranges
                0x000007b8       0x20 .\CortexM0\ARM_GCC_541\Debug\LW01.a(SW_Tx_UART_AsmGnu.o)

.debug_pubnames
 *(.debug_pubnames)

.debug_info     0x00000000     0x4323
 *(.debug_info .gnu.linkonce.wi.*)
 .debug_info    0x00000000      0xb5c .\CortexM0\ARM_GCC_541\Debug\main.o
 .debug_info    0x00000b5c      0x278 .\CortexM0\ARM_GCC_541\Debug\cyfitter_cfg.o
 .debug_info    0x00000dd4       0xf8 .\CortexM0\ARM_GCC_541\Debug\cymetadata.o
 .debug_info    0x00000ecc      0x3a2 .\CortexM0\ARM_GCC_541\Debug\Cm0Start.o
 .debug_info    0x0000126e      0xaed .\CortexM0\ARM_GCC_541\Debug\LW01.a(CyLib.o)
 .debug_info    0x00001d5b      0xcfe .\CortexM0\ARM_GCC_541\Debug\LW01.a(CyLFClk.o)
 .debug_info    0x00002a59      0x19d .\CortexM0\ARM_GCC_541\Debug\LW01.a(LED_R.o)
 .debug_info    0x00002bf6      0x2c4 .\CortexM0\ARM_GCC_541\Debug\LW01.a(SW_Tx_UART.o)
 .debug_info    0x00002eba      0x19d .\CortexM0\ARM_GCC_541\Debug\LW01.a(LED_G.o)
 .debug_info    0x00003057      0x19d .\CortexM0\ARM_GCC_541\Debug\LW01.a(LED_B.o)
 .debug_info    0x000031f4      0x19d .\CortexM0\ARM_GCC_541\Debug\LW01.a(ROW_0.o)
 .debug_info    0x00003391      0x19d .\CortexM0\ARM_GCC_541\Debug\LW01.a(ROW_1.o)
 .debug_info    0x0000352e      0x19d .\CortexM0\ARM_GCC_541\Debug\LW01.a(ROW_2.o)
 .debug_info    0x000036cb      0x19d .\CortexM0\ARM_GCC_541\Debug\LW01.a(ROW_3.o)
 .debug_info    0x00003868      0x19b .\CortexM0\ARM_GCC_541\Debug\LW01.a(COLUMN_0.o)
 .debug_info    0x00003a03      0x19d .\CortexM0\ARM_GCC_541\Debug\LW01.a(COLUMN_1.o)
 .debug_info    0x00003ba0      0x19b .\CortexM0\ARM_GCC_541\Debug\LW01.a(COLUMN_2.o)
 .debug_info    0x00003d3b      0x19d .\CortexM0\ARM_GCC_541\Debug\LW01.a(Pin_Latch.o)
 .debug_info    0x00003ed8      0x19d .\CortexM0\ARM_GCC_541\Debug\LW01.a(Pin_CLK.o)
 .debug_info    0x00004075      0x19b .\CortexM0\ARM_GCC_541\Debug\LW01.a(Pin_DO.o)
 .debug_info    0x00004210       0x87 .\CortexM0\ARM_GCC_541\Debug\LW01.a(CyBootAsmGnu.o)
 .debug_info    0x00004297       0x8c .\CortexM0\ARM_GCC_541\Debug\LW01.a(SW_Tx_UART_AsmGnu.o)

.debug_abbrev   0x00000000     0x1493
 *(.debug_abbrev)
 .debug_abbrev  0x00000000      0x1d3 .\CortexM0\ARM_GCC_541\Debug\main.o
 .debug_abbrev  0x000001d3      0x150 .\CortexM0\ARM_GCC_541\Debug\cyfitter_cfg.o
 .debug_abbrev  0x00000323       0x5d .\CortexM0\ARM_GCC_541\Debug\cymetadata.o
 .debug_abbrev  0x00000380      0x1d7 .\CortexM0\ARM_GCC_541\Debug\Cm0Start.o
 .debug_abbrev  0x00000557      0x1d3 .\CortexM0\ARM_GCC_541\Debug\LW01.a(CyLib.o)
 .debug_abbrev  0x0000072a      0x210 .\CortexM0\ARM_GCC_541\Debug\LW01.a(CyLFClk.o)
 .debug_abbrev  0x0000093a       0xc8 .\CortexM0\ARM_GCC_541\Debug\LW01.a(LED_R.o)
 .debug_abbrev  0x00000a02      0x109 .\CortexM0\ARM_GCC_541\Debug\LW01.a(SW_Tx_UART.o)
 .debug_abbrev  0x00000b0b       0xc8 .\CortexM0\ARM_GCC_541\Debug\LW01.a(LED_G.o)
 .debug_abbrev  0x00000bd3       0xc8 .\CortexM0\ARM_GCC_541\Debug\LW01.a(LED_B.o)
 .debug_abbrev  0x00000c9b       0xc8 .\CortexM0\ARM_GCC_541\Debug\LW01.a(ROW_0.o)
 .debug_abbrev  0x00000d63       0xc8 .\CortexM0\ARM_GCC_541\Debug\LW01.a(ROW_1.o)
 .debug_abbrev  0x00000e2b       0xc8 .\CortexM0\ARM_GCC_541\Debug\LW01.a(ROW_2.o)
 .debug_abbrev  0x00000ef3       0xc8 .\CortexM0\ARM_GCC_541\Debug\LW01.a(ROW_3.o)
 .debug_abbrev  0x00000fbb       0xc8 .\CortexM0\ARM_GCC_541\Debug\LW01.a(COLUMN_0.o)
 .debug_abbrev  0x00001083       0xc8 .\CortexM0\ARM_GCC_541\Debug\LW01.a(COLUMN_1.o)
 .debug_abbrev  0x0000114b       0xc8 .\CortexM0\ARM_GCC_541\Debug\LW01.a(COLUMN_2.o)
 .debug_abbrev  0x00001213       0xc8 .\CortexM0\ARM_GCC_541\Debug\LW01.a(Pin_Latch.o)
 .debug_abbrev  0x000012db       0xc8 .\CortexM0\ARM_GCC_541\Debug\LW01.a(Pin_CLK.o)
 .debug_abbrev  0x000013a3       0xc8 .\CortexM0\ARM_GCC_541\Debug\LW01.a(Pin_DO.o)
 .debug_abbrev  0x0000146b       0x14 .\CortexM0\ARM_GCC_541\Debug\LW01.a(CyBootAsmGnu.o)
 .debug_abbrev  0x0000147f       0x14 .\CortexM0\ARM_GCC_541\Debug\LW01.a(SW_Tx_UART_AsmGnu.o)

.debug_line     0x00000000     0x1c8b
 *(.debug_line)
 .debug_line    0x00000000      0x375 .\CortexM0\ARM_GCC_541\Debug\main.o
 .debug_line    0x00000375      0x132 .\CortexM0\ARM_GCC_541\Debug\cyfitter_cfg.o
 .debug_line    0x000004a7      0x141 .\CortexM0\ARM_GCC_541\Debug\cymetadata.o
 .debug_line    0x000005e8      0x235 .\CortexM0\ARM_GCC_541\Debug\Cm0Start.o
 .debug_line    0x0000081d      0x460 .\CortexM0\ARM_GCC_541\Debug\LW01.a(CyLib.o)
 .debug_line    0x00000c7d      0x466 .\CortexM0\ARM_GCC_541\Debug\LW01.a(CyLFClk.o)
 .debug_line    0x000010e3       0xbd .\CortexM0\ARM_GCC_541\Debug\LW01.a(LED_R.o)
 .debug_line    0x000011a0       0xf6 .\CortexM0\ARM_GCC_541\Debug\LW01.a(SW_Tx_UART.o)
 .debug_line    0x00001296       0xbd .\CortexM0\ARM_GCC_541\Debug\LW01.a(LED_G.o)
 .debug_line    0x00001353       0xbd .\CortexM0\ARM_GCC_541\Debug\LW01.a(LED_B.o)
 .debug_line    0x00001410       0xbd .\CortexM0\ARM_GCC_541\Debug\LW01.a(ROW_0.o)
 .debug_line    0x000014cd       0xbd .\CortexM0\ARM_GCC_541\Debug\LW01.a(ROW_1.o)
 .debug_line    0x0000158a       0xbd .\CortexM0\ARM_GCC_541\Debug\LW01.a(ROW_2.o)
 .debug_line    0x00001647       0xbd .\CortexM0\ARM_GCC_541\Debug\LW01.a(ROW_3.o)
 .debug_line    0x00001704       0xbf .\CortexM0\ARM_GCC_541\Debug\LW01.a(COLUMN_0.o)
 .debug_line    0x000017c3       0xc0 .\CortexM0\ARM_GCC_541\Debug\LW01.a(COLUMN_1.o)
 .debug_line    0x00001883       0xbf .\CortexM0\ARM_GCC_541\Debug\LW01.a(COLUMN_2.o)
 .debug_line    0x00001942       0xc1 .\CortexM0\ARM_GCC_541\Debug\LW01.a(Pin_Latch.o)
 .debug_line    0x00001a03       0xbf .\CortexM0\ARM_GCC_541\Debug\LW01.a(Pin_CLK.o)
 .debug_line    0x00001ac2       0xbd .\CortexM0\ARM_GCC_541\Debug\LW01.a(Pin_DO.o)
 .debug_line    0x00001b7f       0x69 .\CortexM0\ARM_GCC_541\Debug\LW01.a(CyBootAsmGnu.o)
 .debug_line    0x00001be8       0xa3 .\CortexM0\ARM_GCC_541\Debug\LW01.a(SW_Tx_UART_AsmGnu.o)

.debug_frame    0x00000000     0x10d8
 *(.debug_frame)
 .debug_frame   0x00000000      0x100 .\CortexM0\ARM_GCC_541\Debug\main.o
 .debug_frame   0x00000100       0x68 .\CortexM0\ARM_GCC_541\Debug\cyfitter_cfg.o
 .debug_frame   0x00000168       0xbc .\CortexM0\ARM_GCC_541\Debug\Cm0Start.o
 .debug_frame   0x00000224      0x3e0 .\CortexM0\ARM_GCC_541\Debug\LW01.a(CyLib.o)
 .debug_frame   0x00000604      0x3a8 .\CortexM0\ARM_GCC_541\Debug\LW01.a(CyLFClk.o)
 .debug_frame   0x000009ac       0x70 .\CortexM0\ARM_GCC_541\Debug\LW01.a(LED_R.o)
 .debug_frame   0x00000a1c       0xc8 .\CortexM0\ARM_GCC_541\Debug\LW01.a(SW_Tx_UART.o)
 .debug_frame   0x00000ae4       0x70 .\CortexM0\ARM_GCC_541\Debug\LW01.a(LED_G.o)
 .debug_frame   0x00000b54       0x70 .\CortexM0\ARM_GCC_541\Debug\LW01.a(LED_B.o)
 .debug_frame   0x00000bc4       0x70 .\CortexM0\ARM_GCC_541\Debug\LW01.a(ROW_0.o)
 .debug_frame   0x00000c34       0x70 .\CortexM0\ARM_GCC_541\Debug\LW01.a(ROW_1.o)
 .debug_frame   0x00000ca4       0x70 .\CortexM0\ARM_GCC_541\Debug\LW01.a(ROW_2.o)
 .debug_frame   0x00000d14       0x70 .\CortexM0\ARM_GCC_541\Debug\LW01.a(ROW_3.o)
 .debug_frame   0x00000d84       0x70 .\CortexM0\ARM_GCC_541\Debug\LW01.a(COLUMN_0.o)
 .debug_frame   0x00000df4       0x70 .\CortexM0\ARM_GCC_541\Debug\LW01.a(COLUMN_1.o)
 .debug_frame   0x00000e64       0x70 .\CortexM0\ARM_GCC_541\Debug\LW01.a(COLUMN_2.o)
 .debug_frame   0x00000ed4       0x70 .\CortexM0\ARM_GCC_541\Debug\LW01.a(Pin_Latch.o)
 .debug_frame   0x00000f44       0x70 .\CortexM0\ARM_GCC_541\Debug\LW01.a(Pin_CLK.o)
 .debug_frame   0x00000fb4       0x70 .\CortexM0\ARM_GCC_541\Debug\LW01.a(Pin_DO.o)
 .debug_frame   0x00001024       0x20 c:/program files (x86)/cypress/psoc creator/4.4/psoc creator/import/gnu/arm/5.4.1/bin/../lib/gcc/arm-none-eabi/5.4.1/armv6-m\libgcc.a(_udivsi3.o)
 .debug_frame   0x00001044       0x20 c:/program files (x86)/cypress/psoc creator/4.4/psoc creator/import/gnu/arm/5.4.1/bin/../lib/gcc/arm-none-eabi/5.4.1/../../../../arm-none-eabi/lib/armv6-m\libg_nano.a(lib_a-errno.o)
 .debug_frame   0x00001064       0x28 c:/program files (x86)/cypress/psoc creator/4.4/psoc creator/import/gnu/arm/5.4.1/bin/../lib/gcc/arm-none-eabi/5.4.1/../../../../arm-none-eabi/lib/armv6-m\libg_nano.a(lib_a-exit.o)
 .debug_frame   0x0000108c       0x2c c:/program files (x86)/cypress/psoc creator/4.4/psoc creator/import/gnu/arm/5.4.1/bin/../lib/gcc/arm-none-eabi/5.4.1/../../../../arm-none-eabi/lib/armv6-m\libg_nano.a(lib_a-init.o)
 .debug_frame   0x000010b8       0x20 c:/program files (x86)/cypress/psoc creator/4.4/psoc creator/import/gnu/arm/5.4.1/bin/../lib/gcc/arm-none-eabi/5.4.1/../../../../arm-none-eabi/lib/armv6-m\libg_nano.a(lib_a-memset.o)

.debug_str      0x00000000     0x17bc
 *(.debug_str)
 .debug_str     0x00000000      0x33b .\CortexM0\ARM_GCC_541\Debug\main.o
                                0x388 (size before relaxing)
 .debug_str     0x0000033b       0xbc .\CortexM0\ARM_GCC_541\Debug\cyfitter_cfg.o
                                0x241 (size before relaxing)
 .debug_str     0x000003f7       0x59 .\CortexM0\ARM_GCC_541\Debug\cymetadata.o
                                0x1bf (size before relaxing)
 .debug_str     0x00000450      0x140 .\CortexM0\ARM_GCC_541\Debug\Cm0Start.o
                                0x2f8 (size before relaxing)
 .debug_str     0x00000590      0x4c2 .\CortexM0\ARM_GCC_541\Debug\LW01.a(CyLib.o)
                                0x6ad (size before relaxing)
 .debug_str     0x00000a52      0x530 .\CortexM0\ARM_GCC_541\Debug\LW01.a(CyLFClk.o)
                                0x734 (size before relaxing)
 .debug_str     0x00000f82       0x96 .\CortexM0\ARM_GCC_541\Debug\LW01.a(LED_R.o)
                                0x22d (size before relaxing)
 .debug_str     0x00001018      0x123 .\CortexM0\ARM_GCC_541\Debug\LW01.a(SW_Tx_UART.o)
                                0x2dc (size before relaxing)
 .debug_str     0x0000113b       0x7b .\CortexM0\ARM_GCC_541\Debug\LW01.a(LED_G.o)
                                0x22d (size before relaxing)
 .debug_str     0x000011b6       0x7b .\CortexM0\ARM_GCC_541\Debug\LW01.a(LED_B.o)
                                0x22d (size before relaxing)
 .debug_str     0x00001231       0x87 .\CortexM0\ARM_GCC_541\Debug\LW01.a(ROW_0.o)
                                0x22d (size before relaxing)
 .debug_str     0x000012b8       0x87 .\CortexM0\ARM_GCC_541\Debug\LW01.a(ROW_1.o)
                                0x22d (size before relaxing)
 .debug_str     0x0000133f       0x87 .\CortexM0\ARM_GCC_541\Debug\LW01.a(ROW_2.o)
                                0x22d (size before relaxing)
 .debug_str     0x000013c6       0x87 .\CortexM0\ARM_GCC_541\Debug\LW01.a(ROW_3.o)
                                0x22d (size before relaxing)
 .debug_str     0x0000144d       0x9c .\CortexM0\ARM_GCC_541\Debug\LW01.a(COLUMN_0.o)
                                0x242 (size before relaxing)
 .debug_str     0x000014e9       0x9c .\CortexM0\ARM_GCC_541\Debug\LW01.a(COLUMN_1.o)
                                0x242 (size before relaxing)
 .debug_str     0x00001585       0x9c .\CortexM0\ARM_GCC_541\Debug\LW01.a(COLUMN_2.o)
                                0x242 (size before relaxing)
 .debug_str     0x00001621       0x93 .\CortexM0\ARM_GCC_541\Debug\LW01.a(Pin_Latch.o)
                                0x249 (size before relaxing)
 .debug_str     0x000016b4       0x87 .\CortexM0\ARM_GCC_541\Debug\LW01.a(Pin_CLK.o)
                                0x23b (size before relaxing)
 .debug_str     0x0000173b       0x81 .\CortexM0\ARM_GCC_541\Debug\LW01.a(Pin_DO.o)
                                0x234 (size before relaxing)

.debug_loc      0x00000000     0x1da2
 *(.debug_loc)
 .debug_loc     0x00000000      0x358 .\CortexM0\ARM_GCC_541\Debug\main.o
 .debug_loc     0x00000358       0xa9 .\CortexM0\ARM_GCC_541\Debug\cyfitter_cfg.o
 .debug_loc     0x00000401      0x14f .\CortexM0\ARM_GCC_541\Debug\Cm0Start.o
 .debug_loc     0x00000550      0x599 .\CortexM0\ARM_GCC_541\Debug\LW01.a(CyLib.o)
 .debug_loc     0x00000ae9      0x9b5 .\CortexM0\ARM_GCC_541\Debug\LW01.a(CyLFClk.o)
 .debug_loc     0x0000149e       0xa2 .\CortexM0\ARM_GCC_541\Debug\LW01.a(LED_R.o)
 .debug_loc     0x00001540      0x12d .\CortexM0\ARM_GCC_541\Debug\LW01.a(SW_Tx_UART.o)
 .debug_loc     0x0000166d       0xa2 .\CortexM0\ARM_GCC_541\Debug\LW01.a(LED_G.o)
 .debug_loc     0x0000170f       0xa2 .\CortexM0\ARM_GCC_541\Debug\LW01.a(LED_B.o)
 .debug_loc     0x000017b1       0xa2 .\CortexM0\ARM_GCC_541\Debug\LW01.a(ROW_0.o)
 .debug_loc     0x00001853       0xa2 .\CortexM0\ARM_GCC_541\Debug\LW01.a(ROW_1.o)
 .debug_loc     0x000018f5       0xa2 .\CortexM0\ARM_GCC_541\Debug\LW01.a(ROW_2.o)
 .debug_loc     0x00001997       0xa2 .\CortexM0\ARM_GCC_541\Debug\LW01.a(ROW_3.o)
 .debug_loc     0x00001a39       0x81 .\CortexM0\ARM_GCC_541\Debug\LW01.a(COLUMN_0.o)
 .debug_loc     0x00001aba       0xa2 .\CortexM0\ARM_GCC_541\Debug\LW01.a(COLUMN_1.o)
 .debug_loc     0x00001b5c       0x81 .\CortexM0\ARM_GCC_541\Debug\LW01.a(COLUMN_2.o)
 .debug_loc     0x00001bdd       0xa2 .\CortexM0\ARM_GCC_541\Debug\LW01.a(Pin_Latch.o)
 .debug_loc     0x00001c7f       0xa2 .\CortexM0\ARM_GCC_541\Debug\LW01.a(Pin_CLK.o)
 .debug_loc     0x00001d21       0x81 .\CortexM0\ARM_GCC_541\Debug\LW01.a(Pin_DO.o)

.debug_macinfo
 *(.debug_macinfo)

.debug_ranges   0x00000000      0x6b0
 *(.debug_ranges)
 .debug_ranges  0x00000000       0xa8 .\CortexM0\ARM_GCC_541\Debug\main.o
 .debug_ranges  0x000000a8       0x20 .\CortexM0\ARM_GCC_541\Debug\cyfitter_cfg.o
 .debug_ranges  0x000000c8       0x38 .\CortexM0\ARM_GCC_541\Debug\Cm0Start.o
 .debug_ranges  0x00000100      0x170 .\CortexM0\ARM_GCC_541\Debug\LW01.a(CyLib.o)
 .debug_ranges  0x00000270      0x128 .\CortexM0\ARM_GCC_541\Debug\LW01.a(CyLFClk.o)
 .debug_ranges  0x00000398       0x38 .\CortexM0\ARM_GCC_541\Debug\LW01.a(LED_R.o)
 .debug_ranges  0x000003d0       0x40 .\CortexM0\ARM_GCC_541\Debug\LW01.a(SW_Tx_UART.o)
 .debug_ranges  0x00000410       0x38 .\CortexM0\ARM_GCC_541\Debug\LW01.a(LED_G.o)
 .debug_ranges  0x00000448       0x38 .\CortexM0\ARM_GCC_541\Debug\LW01.a(LED_B.o)
 .debug_ranges  0x00000480       0x38 .\CortexM0\ARM_GCC_541\Debug\LW01.a(ROW_0.o)
 .debug_ranges  0x000004b8       0x38 .\CortexM0\ARM_GCC_541\Debug\LW01.a(ROW_1.o)
 .debug_ranges  0x000004f0       0x38 .\CortexM0\ARM_GCC_541\Debug\LW01.a(ROW_2.o)
 .debug_ranges  0x00000528       0x38 .\CortexM0\ARM_GCC_541\Debug\LW01.a(ROW_3.o)
 .debug_ranges  0x00000560       0x38 .\CortexM0\ARM_GCC_541\Debug\LW01.a(COLUMN_0.o)
 .debug_ranges  0x00000598       0x38 .\CortexM0\ARM_GCC_541\Debug\LW01.a(COLUMN_1.o)
 .debug_ranges  0x000005d0       0x38 .\CortexM0\ARM_GCC_541\Debug\LW01.a(COLUMN_2.o)
 .debug_ranges  0x00000608       0x38 .\CortexM0\ARM_GCC_541\Debug\LW01.a(Pin_Latch.o)
 .debug_ranges  0x00000640       0x38 .\CortexM0\ARM_GCC_541\Debug\LW01.a(Pin_CLK.o)
 .debug_ranges  0x00000678       0x38 .\CortexM0\ARM_GCC_541\Debug\LW01.a(Pin_DO.o)

.comment        0x00000000       0x6e
 .comment       0x00000000       0x6e .\CortexM0\ARM_GCC_541\Debug\main.o
                                 0x6f (size before relaxing)
 .comment       0x0000006e       0x6f .\CortexM0\ARM_GCC_541\Debug\cyfitter_cfg.o
 .comment       0x0000006e       0x6f .\CortexM0\ARM_GCC_541\Debug\cymetadata.o
 .comment       0x0000006e       0x6f .\CortexM0\ARM_GCC_541\Debug\Cm0Start.o
 .comment       0x0000006e       0x6f .\CortexM0\ARM_GCC_541\Debug\LW01.a(CyLib.o)
 .comment       0x0000006e       0x6f .\CortexM0\ARM_GCC_541\Debug\LW01.a(CyLFClk.o)
 .comment       0x0000006e       0x6f .\CortexM0\ARM_GCC_541\Debug\LW01.a(LED_R.o)
 .comment       0x0000006e       0x6f .\CortexM0\ARM_GCC_541\Debug\LW01.a(SW_Tx_UART.o)
 .comment       0x0000006e       0x6f .\CortexM0\ARM_GCC_541\Debug\LW01.a(LED_G.o)
 .comment       0x0000006e       0x6f .\CortexM0\ARM_GCC_541\Debug\LW01.a(LED_B.o)
 .comment       0x0000006e       0x6f .\CortexM0\ARM_GCC_541\Debug\LW01.a(ROW_0.o)
 .comment       0x0000006e       0x6f .\CortexM0\ARM_GCC_541\Debug\LW01.a(ROW_1.o)
 .comment       0x0000006e       0x6f .\CortexM0\ARM_GCC_541\Debug\LW01.a(ROW_2.o)
 .comment       0x0000006e       0x6f .\CortexM0\ARM_GCC_541\Debug\LW01.a(ROW_3.o)
 .comment       0x0000006e       0x6f .\CortexM0\ARM_GCC_541\Debug\LW01.a(COLUMN_0.o)
 .comment       0x0000006e       0x6f .\CortexM0\ARM_GCC_541\Debug\LW01.a(COLUMN_1.o)
 .comment       0x0000006e       0x6f .\CortexM0\ARM_GCC_541\Debug\LW01.a(COLUMN_2.o)
 .comment       0x0000006e       0x6f .\CortexM0\ARM_GCC_541\Debug\LW01.a(Pin_Latch.o)
 .comment       0x0000006e       0x6f .\CortexM0\ARM_GCC_541\Debug\LW01.a(Pin_CLK.o)
 .comment       0x0000006e       0x6f .\CortexM0\ARM_GCC_541\Debug\LW01.a(Pin_DO.o)

.debug_weaknames
 *(.debug_weaknames)

.debug_funcnames
 *(.debug_funcnames)

.debug_typenames
 *(.debug_typenames)

.debug_varnames
 *(.debug_varnames)

.note.gnu.arm.ident
 *(.note.gnu.arm.ident)

.ARM.attributes
                0x00000000       0x28
 *(.ARM.attributes)
 .ARM.attributes
                0x00000000       0x1e c:/program files (x86)/cypress/psoc creator/4.4/psoc creator/import/gnu/arm/5.4.1/bin/../lib/gcc/arm-none-eabi/5.4.1/armv6-m/crti.o
 .ARM.attributes
                0x0000001e       0x2c c:/program files (x86)/cypress/psoc creator/4.4/psoc creator/import/gnu/arm/5.4.1/bin/../lib/gcc/arm-none-eabi/5.4.1/armv6-m/crtbegin.o
 .ARM.attributes
                0x0000004a       0x1b c:/program files (x86)/cypress/psoc creator/4.4/psoc creator/import/gnu/arm/5.4.1/bin/../lib/gcc/arm-none-eabi/5.4.1/../../../../arm-none-eabi/lib/armv6-m/crt0.o
 .ARM.attributes
                0x00000065       0x31 .\CortexM0\ARM_GCC_541\Debug\main.o
 .ARM.attributes
                0x00000096       0x31 .\CortexM0\ARM_GCC_541\Debug\cyfitter_cfg.o
 .ARM.attributes
                0x000000c7       0x31 .\CortexM0\ARM_GCC_541\Debug\cymetadata.o
 .ARM.attributes
                0x000000f8       0x31 .\CortexM0\ARM_GCC_541\Debug\Cm0Start.o
 .ARM.attributes
                0x00000129       0x31 .\CortexM0\ARM_GCC_541\Debug\LW01.a(CyLib.o)
 .ARM.attributes
                0x0000015a       0x31 .\CortexM0\ARM_GCC_541\Debug\LW01.a(CyLFClk.o)
 .ARM.attributes
                0x0000018b       0x31 .\CortexM0\ARM_GCC_541\Debug\LW01.a(LED_R.o)
 .ARM.attributes
                0x000001bc       0x31 .\CortexM0\ARM_GCC_541\Debug\LW01.a(SW_Tx_UART.o)
 .ARM.attributes
                0x000001ed       0x31 .\CortexM0\ARM_GCC_541\Debug\LW01.a(LED_G.o)
 .ARM.attributes
                0x0000021e       0x31 .\CortexM0\ARM_GCC_541\Debug\LW01.a(LED_B.o)
 .ARM.attributes
                0x0000024f       0x31 .\CortexM0\ARM_GCC_541\Debug\LW01.a(ROW_0.o)
 .ARM.attributes
                0x00000280       0x31 .\CortexM0\ARM_GCC_541\Debug\LW01.a(ROW_1.o)
 .ARM.attributes
                0x000002b1       0x31 .\CortexM0\ARM_GCC_541\Debug\LW01.a(ROW_2.o)
 .ARM.attributes
                0x000002e2       0x31 .\CortexM0\ARM_GCC_541\Debug\LW01.a(ROW_3.o)
 .ARM.attributes
                0x00000313       0x31 .\CortexM0\ARM_GCC_541\Debug\LW01.a(COLUMN_0.o)
 .ARM.attributes
                0x00000344       0x31 .\CortexM0\ARM_GCC_541\Debug\LW01.a(COLUMN_1.o)
 .ARM.attributes
                0x00000375       0x31 .\CortexM0\ARM_GCC_541\Debug\LW01.a(COLUMN_2.o)
 .ARM.attributes
                0x000003a6       0x31 .\CortexM0\ARM_GCC_541\Debug\LW01.a(Pin_Latch.o)
 .ARM.attributes
                0x000003d7       0x31 .\CortexM0\ARM_GCC_541\Debug\LW01.a(Pin_CLK.o)
 .ARM.attributes
                0x00000408       0x31 .\CortexM0\ARM_GCC_541\Debug\LW01.a(Pin_DO.o)
 .ARM.attributes
                0x00000439       0x21 .\CortexM0\ARM_GCC_541\Debug\LW01.a(CyBootAsmGnu.o)
 .ARM.attributes
                0x0000045a       0x21 .\CortexM0\ARM_GCC_541\Debug\LW01.a(SW_Tx_UART_AsmGnu.o)
 .ARM.attributes
                0x0000047b       0x1e c:/program files (x86)/cypress/psoc creator/4.4/psoc creator/import/gnu/arm/5.4.1/bin/../lib/gcc/arm-none-eabi/5.4.1/armv6-m\libgcc.a(_udivsi3.o)
 .ARM.attributes
                0x00000499       0x1e c:/program files (x86)/cypress/psoc creator/4.4/psoc creator/import/gnu/arm/5.4.1/bin/../lib/gcc/arm-none-eabi/5.4.1/armv6-m\libgcc.a(_dvmd_tls.o)
 .ARM.attributes
                0x000004b7       0x2c c:/program files (x86)/cypress/psoc creator/4.4/psoc creator/import/gnu/arm/5.4.1/bin/../lib/gcc/arm-none-eabi/5.4.1/../../../../arm-none-eabi/lib/armv6-m\libg_nano.a(lib_a-errno.o)
 .ARM.attributes
                0x000004e3       0x2c c:/program files (x86)/cypress/psoc creator/4.4/psoc creator/import/gnu/arm/5.4.1/bin/../lib/gcc/arm-none-eabi/5.4.1/../../../../arm-none-eabi/lib/armv6-m\libg_nano.a(lib_a-exit.o)
 .ARM.attributes
                0x0000050f       0x2c c:/program files (x86)/cypress/psoc creator/4.4/psoc creator/import/gnu/arm/5.4.1/bin/../lib/gcc/arm-none-eabi/5.4.1/../../../../arm-none-eabi/lib/armv6-m\libg_nano.a(lib_a-impure.o)
 .ARM.attributes
                0x0000053b       0x2c c:/program files (x86)/cypress/psoc creator/4.4/psoc creator/import/gnu/arm/5.4.1/bin/../lib/gcc/arm-none-eabi/5.4.1/../../../../arm-none-eabi/lib/armv6-m\libg_nano.a(lib_a-init.o)
 .ARM.attributes
                0x00000567       0x2c c:/program files (x86)/cypress/psoc creator/4.4/psoc creator/import/gnu/arm/5.4.1/bin/../lib/gcc/arm-none-eabi/5.4.1/../../../../arm-none-eabi/lib/armv6-m\libg_nano.a(lib_a-memset.o)
 .ARM.attributes
                0x00000593       0x2c c:/program files (x86)/cypress/psoc creator/4.4/psoc creator/import/gnu/arm/5.4.1/bin/../lib/gcc/arm-none-eabi/5.4.1/armv6-m/crtend.o
 .ARM.attributes
                0x000005bf       0x1e c:/program files (x86)/cypress/psoc creator/4.4/psoc creator/import/gnu/arm/5.4.1/bin/../lib/gcc/arm-none-eabi/5.4.1/armv6-m/crtn.o

/DISCARD/
 *(.note.GNU-stack)
OUTPUT(C:\Users\User\Documents\PSoC Creator\Lab1PSoC\LW01.cydsn\CortexM0\ARM_GCC_541\Debug\LW01.elf elf32-littlearm)
